Archive member included to satisfy reference by file (symbol)

c:/program files (x86)/gnu tools arm embedded/7 2017-q4-major/bin/../lib/gcc/arm-none-eabi/7.2.1/../../../../arm-none-eabi/lib/thumb/v7e-m\libg.a(lib_a-errno.o)
                              ./system/src/newlib/_sbrk.o (__errno)
c:/program files (x86)/gnu tools arm embedded/7 2017-q4-major/bin/../lib/gcc/arm-none-eabi/7.2.1/../../../../arm-none-eabi/lib/thumb/v7e-m\libg.a(lib_a-impure.o)
                              c:/program files (x86)/gnu tools arm embedded/7 2017-q4-major/bin/../lib/gcc/arm-none-eabi/7.2.1/../../../../arm-none-eabi/lib/thumb/v7e-m\libg.a(lib_a-errno.o) (_impure_ptr)
c:/program files (x86)/gnu tools arm embedded/7 2017-q4-major/bin/../lib/gcc/arm-none-eabi/7.2.1/../../../../arm-none-eabi/lib/thumb/v7e-m\libg.a(lib_a-strlen.o)
                              ./system/src/diag/Trace.o (strlen)
c:/program files (x86)/gnu tools arm embedded/7 2017-q4-major/bin/../lib/gcc/arm-none-eabi/7.2.1/../../../../arm-none-eabi/lib/thumb/v7e-m\libg.a(lib_a-vsnprintf.o)
                              ./system/src/diag/Trace.o (vsnprintf)
c:/program files (x86)/gnu tools arm embedded/7 2017-q4-major/bin/../lib/gcc/arm-none-eabi/7.2.1/../../../../arm-none-eabi/lib/thumb/v7e-m\libg.a(lib_a-svfprintf.o)
                              c:/program files (x86)/gnu tools arm embedded/7 2017-q4-major/bin/../lib/gcc/arm-none-eabi/7.2.1/../../../../arm-none-eabi/lib/thumb/v7e-m\libg.a(lib_a-vsnprintf.o) (_svfprintf_r)
c:/program files (x86)/gnu tools arm embedded/7 2017-q4-major/bin/../lib/gcc/arm-none-eabi/7.2.1/../../../../arm-none-eabi/lib/thumb/v7e-m\libg.a(lib_a-dtoa.o)
                              c:/program files (x86)/gnu tools arm embedded/7 2017-q4-major/bin/../lib/gcc/arm-none-eabi/7.2.1/../../../../arm-none-eabi/lib/thumb/v7e-m\libg.a(lib_a-svfprintf.o) (_dtoa_r)
c:/program files (x86)/gnu tools arm embedded/7 2017-q4-major/bin/../lib/gcc/arm-none-eabi/7.2.1/../../../../arm-none-eabi/lib/thumb/v7e-m\libg.a(lib_a-localeconv.o)
                              c:/program files (x86)/gnu tools arm embedded/7 2017-q4-major/bin/../lib/gcc/arm-none-eabi/7.2.1/../../../../arm-none-eabi/lib/thumb/v7e-m\libg.a(lib_a-svfprintf.o) (_localeconv_r)
c:/program files (x86)/gnu tools arm embedded/7 2017-q4-major/bin/../lib/gcc/arm-none-eabi/7.2.1/../../../../arm-none-eabi/lib/thumb/v7e-m\libg.a(lib_a-mallocr.o)
                              c:/program files (x86)/gnu tools arm embedded/7 2017-q4-major/bin/../lib/gcc/arm-none-eabi/7.2.1/../../../../arm-none-eabi/lib/thumb/v7e-m\libg.a(lib_a-svfprintf.o) (_malloc_r)
c:/program files (x86)/gnu tools arm embedded/7 2017-q4-major/bin/../lib/gcc/arm-none-eabi/7.2.1/../../../../arm-none-eabi/lib/thumb/v7e-m\libg.a(lib_a-memchr.o)
                              c:/program files (x86)/gnu tools arm embedded/7 2017-q4-major/bin/../lib/gcc/arm-none-eabi/7.2.1/../../../../arm-none-eabi/lib/thumb/v7e-m\libg.a(lib_a-svfprintf.o) (memchr)
c:/program files (x86)/gnu tools arm embedded/7 2017-q4-major/bin/../lib/gcc/arm-none-eabi/7.2.1/../../../../arm-none-eabi/lib/thumb/v7e-m\libg.a(lib_a-memcpy.o)
                              c:/program files (x86)/gnu tools arm embedded/7 2017-q4-major/bin/../lib/gcc/arm-none-eabi/7.2.1/../../../../arm-none-eabi/lib/thumb/v7e-m\libg.a(lib_a-dtoa.o) (memcpy)
c:/program files (x86)/gnu tools arm embedded/7 2017-q4-major/bin/../lib/gcc/arm-none-eabi/7.2.1/../../../../arm-none-eabi/lib/thumb/v7e-m\libg.a(lib_a-mlock.o)
                              c:/program files (x86)/gnu tools arm embedded/7 2017-q4-major/bin/../lib/gcc/arm-none-eabi/7.2.1/../../../../arm-none-eabi/lib/thumb/v7e-m\libg.a(lib_a-mallocr.o) (__malloc_lock)
c:/program files (x86)/gnu tools arm embedded/7 2017-q4-major/bin/../lib/gcc/arm-none-eabi/7.2.1/../../../../arm-none-eabi/lib/thumb/v7e-m\libg.a(lib_a-mprec.o)
                              c:/program files (x86)/gnu tools arm embedded/7 2017-q4-major/bin/../lib/gcc/arm-none-eabi/7.2.1/../../../../arm-none-eabi/lib/thumb/v7e-m\libg.a(lib_a-dtoa.o) (_Balloc)
c:/program files (x86)/gnu tools arm embedded/7 2017-q4-major/bin/../lib/gcc/arm-none-eabi/7.2.1/../../../../arm-none-eabi/lib/thumb/v7e-m\libg.a(lib_a-sbrkr.o)
                              c:/program files (x86)/gnu tools arm embedded/7 2017-q4-major/bin/../lib/gcc/arm-none-eabi/7.2.1/../../../../arm-none-eabi/lib/thumb/v7e-m\libg.a(lib_a-mallocr.o) (_sbrk_r)
c:/program files (x86)/gnu tools arm embedded/7 2017-q4-major/bin/../lib/gcc/arm-none-eabi/7.2.1/../../../../arm-none-eabi/lib/thumb/v7e-m\libg.a(lib_a-svfiprintf.o)
                              c:/program files (x86)/gnu tools arm embedded/7 2017-q4-major/bin/../lib/gcc/arm-none-eabi/7.2.1/../../../../arm-none-eabi/lib/thumb/v7e-m\libg.a(lib_a-svfprintf.o) (__ssprint_r)
c:/program files (x86)/gnu tools arm embedded/7 2017-q4-major/bin/../lib/gcc/arm-none-eabi/7.2.1/../../../../arm-none-eabi/lib/thumb/v7e-m\libg.a(lib_a-callocr.o)
[...]
Memory Configuration

Name             Origin             Length             Attributes
RAM              0x20000000         0x00020000         xrw
CCMRAM           0x10000000         0x00010000         xrw
FLASH            0x08000000         0x00100000         xr
FLASHB1          0x00000000         0x00000000         xr
EXTMEMB0         0x00000000         0x00000000         xr
EXTMEMB1         0x00000000         0x00000000         xr
EXTMEMB2         0x00000000         0x00000000         xr
EXTMEMB3         0x00000000         0x00000000         xr
MEMORY_ARRAY     0x20002000         0x00000020         xrw
*default*        0x00000000         0xffffffff

Linker script and memory map

LOAD ./system/src/stm32f4-hal/stm32f4xx_hal.o
LOAD ./system/src/stm32f4-hal/stm32f4xx_hal_cortex.o
LOAD ./system/src/stm32f4-hal/stm32f4xx_hal_dfsdm.o
LOAD ./system/src/stm32f4-hal/stm32f4xx_hal_flash.o
LOAD ./system/src/stm32f4-hal/stm32f4xx_hal_gpio.o
LOAD ./system/src/stm32f4-hal/stm32f4xx_hal_iwdg.o
LOAD ./system/src/stm32f4-hal/stm32f4xx_hal_pwr.o
LOAD ./system/src/stm32f4-hal/stm32f4xx_hal_rcc.o
LOAD ./system/src/newlib/_cxx.o
LOAD ./system/src/newlib/_exit.o
LOAD ./system/src/newlib/_sbrk.o
LOAD ./system/src/newlib/_startup.o
LOAD ./system/src/newlib/_syscalls.o
LOAD ./system/src/newlib/assert.o
LOAD ./system/src/diag/Trace.o
LOAD ./system/src/diag/trace_impl.o
LOAD ./system/src/cortexm/_initialize_hardware.o
LOAD ./system/src/cortexm/_reset_hardware.o
LOAD ./system/src/cortexm/exception_handlers.o
LOAD ./system/src/cmsis/system_stm32f4xx.o
LOAD ./system/src/cmsis/vectors_stm32f407xx.o
LOAD ./src/GPIO_Driver.o
LOAD ./src/TCNT_Driver.o
LOAD ./src/_initialize_hardware.o
LOAD ./src/main.o
LOAD ./src/stm32f4xx_hal_msp.o
LOAD c:/program files (x86)/gnu tools arm embedded/7 2017-q4-major/bin/../lib/gcc/arm-none-eabi/7.2.1/../../../../arm-none-eabi/lib/thumb/v7e-m\libstdc++.a
LOAD c:/program files (x86)/gnu tools arm embedded/7 2017-q4-major/bin/../lib/gcc/arm-none-eabi/7.2.1/../../../../arm-none-eabi/lib/thumb/v7e-m\libm.a
START GROUP
LOAD c:/program files (x86)/gnu tools arm embedded/7 2017-q4-major/bin/../lib/gcc/arm-none-eabi/7.2.1/thumb/v7e-m\libgcc.a
LOAD c:/program files (x86)/gnu tools arm embedded/7 2017-q4-major/bin/../lib/gcc/arm-none-eabi/7.2.1/../../../../arm-none-eabi/lib/thumb/v7e-m\libg.a
LOAD c:/program files (x86)/gnu tools arm embedded/7 2017-q4-major/bin/../lib/gcc/arm-none-eabi/7.2.1/../../../../arm-none-eabi/lib/thumb/v7e-m\libc.a
END GROUP
                0x20020000                __stack = (ORIGIN (RAM) + LENGTH (RAM))
                0x20020000                _estack = __stack
                0x00000400                __Main_Stack_Size = 0x400
                [!provide]                PROVIDE (_Main_Stack_Size, __Main_Stack_Size)
                0x2001fc00                __Main_Stack_Limit = (__stack - __Main_Stack_Size)
                [!provide]                PROVIDE (_Main_Stack_Limit, __Main_Stack_Limit)
                0x00000100                _Minimum_Stack_Size = 0x100
                0x20000ab4                PROVIDE (_Heap_Begin, _end_noinit)
                0x2001fc00                PROVIDE (_Heap_Limit, (__stack - __Main_Stack_Size))

.isr_vector     0x08000000      0x3e8
 FILL mask 0xff
                0x08000000                __vectors_start = ABSOLUTE (.)
                0x08000000                __vectors_start__ = ABSOLUTE (.)
 *(.isr_vector)
 .isr_vector    0x08000000      0x188 ./system/src/cmsis/vectors_stm32f407xx.o
                0x08000000                __isr_vectors
 *(.cfmconfig)
 *(.after_vectors .after_vectors.*)
 .after_vectors
                0x08000188      0x130 ./system/src/newlib/_startup.o
                0x08000188                _start
 .after_vectors
                0x080002b8      0x12c ./system/src/cortexm/exception_handlers.o
                0x080002b8                Reset_Handler
                0x080002be                NMI_Handler
                0x080002c2                HardFault_Handler
                0x080002d6                HardFault_Handler_C
                0x08000334                MemManage_Handler
                0x08000338                BusFault_Handler
                0x0800034c                BusFault_Handler_C
                0x08000380                UsageFault_Handler
                0x08000394                UsageFault_Handler_C
                0x080003c8                SVC_Handler
                0x080003cc                DebugMon_Handler
                0x080003d0                PendSV_Handler
                0x080003d4                SysTick_Handler
 .after_vectors
                0x080003e4        0x4 ./system/src/cmsis/vectors_stm32f407xx.o
                0x080003e4                RTC_Alarm_IRQHandler
                0x080003e4                HASH_RNG_IRQHandler
                0x080003e4                EXTI2_IRQHandler
                0x080003e4                TIM8_CC_IRQHandler
                0x080003e4                TIM1_CC_IRQHandler
                0x080003e4                DMA2_Stream5_IRQHandler
                0x080003e4                DMA1_Stream5_IRQHandler
                0x080003e4                PVD_IRQHandler
                0x080003e4                SDIO_IRQHandler
                0x080003e4                TAMP_STAMP_IRQHandler
                0x080003e4                CAN2_RX1_IRQHandler
                0x080003e4                EXTI3_IRQHandler
                0x080003e4                TIM8_TRG_COM_TIM14_IRQHandler
                0x080003e4                TIM1_UP_TIM10_IRQHandler
                0x080003e4                TIM8_UP_TIM13_IRQHandler
                0x080003e4                I2C3_ER_IRQHandler
                0x080003e4                EXTI0_IRQHandler
                0x080003e4                I2C2_EV_IRQHandler
                0x080003e4                DMA1_Stream2_IRQHandler
                0x080003e4                CAN1_RX0_IRQHandler
                0x080003e4                FPU_IRQHandler
                0x080003e4                OTG_HS_WKUP_IRQHandler
                0x080003e4                CAN2_SCE_IRQHandler
                0x080003e4                DMA2_Stream2_IRQHandler
                0x080003e4                SPI1_IRQHandler
                0x080003e4                TIM6_DAC_IRQHandler
                0x080003e4                TIM1_BRK_TIM9_IRQHandler
                0x080003e4                DCMI_IRQHandler
                0x080003e4                CAN2_RX0_IRQHandler
                0x080003e4                DMA2_Stream3_IRQHandler
                0x080003e4                USART6_IRQHandler
                0x080003e4                USART3_IRQHandler
                0x080003e4                CAN1_RX1_IRQHandler
                0x080003e4                UART5_IRQHandler
                0x080003e4                DMA2_Stream0_IRQHandler
                0x080003e4                TIM4_IRQHandler
                0x080003e4                I2C1_EV_IRQHandler
                0x080003e4                DMA1_Stream6_IRQHandler
                0x080003e4                DMA1_Stream1_IRQHandler
                0x080003e4                UART4_IRQHandler
                0x080003e4                TIM3_IRQHandler
                0x080003e4                RCC_IRQHandler
                0x080003e4                TIM8_BRK_TIM12_IRQHandler
                0x080003e4                Default_Handler
                0x080003e4                EXTI15_10_IRQHandler
                0x080003e4                ADC_IRQHandler
                0x080003e4                DMA1_Stream7_IRQHandler
                0x080003e4                TIM7_IRQHandler
                0x080003e4                CAN2_TX_IRQHandler
                0x080003e4                TIM5_IRQHandler
                0x080003e4                DMA2_Stream7_IRQHandler
                0x080003e4                I2C3_EV_IRQHandler
                0x080003e4                EXTI9_5_IRQHandler
                0x080003e4                RTC_WKUP_IRQHandler
                0x080003e4                ETH_WKUP_IRQHandler
                0x080003e4                SPI2_IRQHandler
                0x080003e4                OTG_HS_EP1_IN_IRQHandler
                0x080003e4                DMA1_Stream0_IRQHandler
                0x080003e4                CAN1_TX_IRQHandler
                0x080003e4                EXTI4_IRQHandler
                0x080003e4                ETH_IRQHandler
                0x080003e4                OTG_HS_EP1_OUT_IRQHandler
                0x080003e4                WWDG_IRQHandler
                0x080003e4                TIM2_IRQHandler
                0x080003e4                OTG_FS_WKUP_IRQHandler
                0x080003e4                TIM1_TRG_COM_TIM11_IRQHandler
                0x080003e4                OTG_HS_IRQHandler
                0x080003e4                EXTI1_IRQHandler
                0x080003e4                USART2_IRQHandler
                0x080003e4                I2C2_ER_IRQHandler
                0x080003e4                DMA2_Stream1_IRQHandler
                0x080003e4                CAN1_SCE_IRQHandler
                0x080003e4                FLASH_IRQHandler
                0x080003e4                DMA2_Stream4_IRQHandler
                0x080003e4                USART1_IRQHandler
                0x080003e4                OTG_FS_IRQHandler
                0x080003e4                SPI3_IRQHandler
                0x080003e4                DMA1_Stream4_IRQHandler
                0x080003e4                I2C1_ER_IRQHandler
                0x080003e4                FMC_IRQHandler
                0x080003e4                DMA2_Stream6_IRQHandler
                0x080003e4                DMA1_Stream3_IRQHandler

.inits          0x080003e8       0x28
                0x080003e8                __data_regions_array_start = .
                0x080003e8        0x4 LONG 0x8005ed0 LOADADDR (.data)
                0x080003ec        0x4 LONG 0x20000000 ADDR (.data)
                0x080003f0        0x4 LONG 0x200009c0 (ADDR (.data) + SIZEOF (.data))
                0x080003f4        0x4 LONG 0x8005ed0 LOADADDR (.data_CCMRAM)
                0x080003f8        0x4 LONG 0x10000000 ADDR (.data_CCMRAM)
                0x080003fc        0x4 LONG 0x10000000 (ADDR (.data_CCMRAM) + SIZEOF (.data_CCMRAM))
                0x08000400                __data_regions_array_end = .
                0x08000400                __bss_regions_array_start = .
                0x08000400        0x4 LONG 0x200009c0 ADDR (.bss)
                0x08000404        0x4 LONG 0x20000ab4 (ADDR (.bss) + SIZEOF (.bss))
                0x08000408        0x4 LONG 0x10000000 ADDR (.bss_CCMRAM)
                0x0800040c        0x4 LONG 0x10000000 (ADDR (.bss_CCMRAM) + SIZEOF (.bss_CCMRAM))
                0x08000410                __bss_regions_array_end = .
 *(.init)
 *(.fini)
                0x08000410                . = ALIGN (0x4)
                0x08000410                PROVIDE (__preinit_array_start, .)
 *(.preinit_array_sysinit .preinit_array_sysinit.*)
 *(.preinit_array_platform .preinit_array_platform.*)
 *(.preinit_array .preinit_array.*)
                0x08000410                PROVIDE (__preinit_array_end, .)
                0x08000410                . = ALIGN (0x4)
                0x08000410                PROVIDE (__init_array_start, .)
 *(SORT_BY_NAME(.init_array.*))
 *(.init_array)
                0x08000410                PROVIDE (__init_array_end, .)
                0x08000410                . = ALIGN (0x4)
                0x08000410                PROVIDE (__fini_array_start, .)
 *(SORT_BY_NAME(.fini_array.*))
 *(.fini_array)
                0x08000410                PROVIDE (__fini_array_end, .)

.flashtext
 *(.flashtext .flashtext.*)

.text           0x08000440     0x5a85
 *(.text .text.*)
 .text.HAL_InitTick
                0x08000440       0x2c ./system/src/stm32f4-hal/stm32f4xx_hal.o
                0x08000440                HAL_InitTick
 .text.HAL_Init
                0x0800046c       0x34 ./system/src/stm32f4-hal/stm32f4xx_hal.o
                0x0800046c                HAL_Init
 .text.HAL_GetTick
                0x080004a0        0xc ./system/src/stm32f4-hal/stm32f4xx_hal.o
                0x080004a0                HAL_GetTick
 .text.HAL_NVIC_SetPriorityGrouping
                0x080004ac       0x3c ./system/src/stm32f4-hal/stm32f4xx_hal_cortex.o
                0x080004ac                HAL_NVIC_SetPriorityGrouping
 .text.HAL_NVIC_SetPriority
                0x080004e8       0x8c ./system/src/stm32f4-hal/stm32f4xx_hal_cortex.o
                0x080004e8                HAL_NVIC_SetPriority
 .text.HAL_SYSTICK_Config
                0x08000574       0x2c ./system/src/stm32f4-hal/stm32f4xx_hal_cortex.o
                0x08000574                HAL_SYSTICK_Config
 .text.HAL_SYSTICK_CLKSourceConfig
                0x080005a0       0x3c ./system/src/stm32f4-hal/stm32f4xx_hal_cortex.o
                0x080005a0                HAL_SYSTICK_CLKSourceConfig
 .text.HAL_RCC_OscConfig
                0x080005dc      0x43c ./system/src/stm32f4-hal/stm32f4xx_hal_rcc.o
                0x080005dc                HAL_RCC_OscConfig
 .text.HAL_RCC_GetSysClockFreq
                0x08000a18       0x94 ./system/src/stm32f4-hal/stm32f4xx_hal_rcc.o
                0x08000a18                HAL_RCC_GetSysClockFreq
 .text.HAL_RCC_ClockConfig
                0x08000aac      0x258 ./system/src/stm32f4-hal/stm32f4xx_hal_rcc.o
                0x08000aac                HAL_RCC_ClockConfig
 .text.HAL_RCC_GetHCLKFreq
                0x08000d04        0xc ./system/src/stm32f4-hal/stm32f4xx_hal_rcc.o
                0x08000d04                HAL_RCC_GetHCLKFreq
 .text._exit    0x08000d10        0x2 ./system/src/newlib/_exit.o
                0x08000d10                _exit
 *fill*         0x08000d12        0x2 
 .text.abort    0x08000d14       0x14 ./system/src/newlib/_exit.o
                0x08000d14                abort
 .text._sbrk    0x08000d28       0x44 ./system/src/newlib/_sbrk.o
                0x08000d28                _sbrk
 .text.__initialize_args
                0x08000d6c       0x10 ./system/src/newlib/_syscalls.o
                0x08000d6c                __initialize_args
 .text.assert_failed
                0x08000d7c       0x14 ./system/src/newlib/assert.o
                0x08000d7c                assert_failed
 .text.trace_printf
                0x08000d90       0x30 ./system/src/diag/Trace.o
                0x08000d90                trace_printf
 .text.trace_puts
                0x08000dc0       0x20 ./system/src/diag/Trace.o
                0x08000dc0                trace_puts
 .text._trace_write_semihosting_debug
                0x08000de0       0x60 ./system/src/diag/trace_impl.o
 .text.trace_write
                0x08000e40        0x8 ./system/src/diag/trace_impl.o
                0x08000e40                trace_write
 .text.__initialize_hardware_early
                0x08000e48       0x18 ./system/src/cortexm/_initialize_hardware.o
                0x08000e48                __initialize_hardware_early
 .text.dumpExceptionStack
                0x08000e60       0xf4 ./system/src/cortexm/exception_handlers.o
                0x08000e60                dumpExceptionStack
 .text.isSemihosting
                0x08000f54       0x20 ./system/src/cortexm/exception_handlers.o
                0x08000f54                isSemihosting
 .text.SystemInit
                0x08000f74       0x40 ./system/src/cmsis/system_stm32f4xx.o
                0x08000f74                SystemInit
 .text.SystemCoreClockUpdate
                0x08000fb4       0xa0 ./system/src/cmsis/system_stm32f4xx.o
                0x08000fb4                SystemCoreClockUpdate
 .text.GPIO_Driver_Init
                0x08001054       0x5c ./src/GPIO_Driver.o
                0x08001054                GPIO_Driver_Init
 .text.GPIO_Driver_SetPin
                0x080010b0        0x8 ./src/GPIO_Driver.o
                0x080010b0                GPIO_Driver_SetPin
 .text.GPIO_Driver_ClearPin
                0x080010b8        0xa ./src/GPIO_Driver.o
                0x080010b8                GPIO_Driver_ClearPin
 .text.TCNT_Driver_Start
                0x080010c2        0xa ./src/TCNT_Driver.o
                0x080010c2                TCNT_Driver_Start
 .text.TCNT_Driver_Init
                0x080010cc       0x1c ./src/TCNT_Driver.o
                0x080010cc                TCNT_Driver_Init
 .text.TCNT_Driver_SetPeriod
                0x080010e8        0x4 ./src/TCNT_Driver.o
                0x080010e8                TCNT_Driver_SetPeriod
 .text.TCNT_Driver_SetPrescale
                0x080010ec        0x4 ./src/TCNT_Driver.o
                0x080010ec                TCNT_Driver_SetPrescale
 .text.TCNT_Driver_ClearStatus
                0x080010f0        0x6 ./src/TCNT_Driver.o
                0x080010f0                TCNT_Driver_ClearStatus
 .text.TCNT_Driver_GetStatus
                0x080010f6        0xe ./src/TCNT_Driver.o
                0x080010f6                TCNT_Driver_GetStatus
 .text.SystemClock_Config
                0x08001104       0x9c ./src/_initialize_hardware.o
                0x08001104                SystemClock_Config
 .text.__initialize_hardware
                0x080011a0       0x10 ./src/_initialize_hardware.o
                0x080011a0                __initialize_hardware
 .text.main     0x080011b0       0xb0 ./src/main.o
                0x080011b0                main
 .text.HAL_MspInit
                0x08001260        0x2 ./src/stm32f4xx_hal_msp.o
                0x08001260                HAL_MspInit
 *fill*         0x08001262        0x2 
 .text.__errno  0x08001264        0xc c:/program files (x86)/gnu tools arm embedded/7 2017-q4-major/bin/../lib/gcc/arm-none-eabi/7.2.1/../../../../arm-none-eabi/lib/thumb/v7e-m\libg.a(lib_a-errno.o)
                0x08001264                __errno
 *fill*         0x08001270       0x10 
 .text          0x08001280       0xdc c:/program files (x86)/gnu tools arm embedded/7 2017-q4-major/bin/../lib/gcc/arm-none-eabi/7.2.1/../../../../arm-none-eabi/lib/thumb/v7e-m\libg.a(lib_a-strlen.o)
                0x08001280                strlen
 .text._vsnprintf_r
                0x0800135c       0x70 c:/program files (x86)/gnu tools arm embedded/7 2017-q4-major/bin/../lib/gcc/arm-none-eabi/7.2.1/../../../../arm-none-eabi/lib/thumb/v7e-m\libg.a(lib_a-vsnprintf.o)
                0x0800135c                _vsnprintf_r
 .text.vsnprintf
                0x080013cc       0x20 c:/program files (x86)/gnu tools arm embedded/7 2017-q4-major/bin/../lib/gcc/arm-none-eabi/7.2.1/../../../../arm-none-eabi/lib/thumb/v7e-m\libg.a(lib_a-vsnprintf.o)
                0x080013cc                vsnprintf
 .text._svfprintf_r
                0x080013ec     0x14a0 c:/program files (x86)/gnu tools arm embedded/7 2017-q4-major/bin/../lib/gcc/arm-none-eabi/7.2.1/../../../../arm-none-eabi/lib/thumb/v7e-m\libg.a(lib_a-svfprintf.o)
                0x080013ec                _svfprintf_r
 .text.quorem   0x0800288c      0x124 c:/program files (x86)/gnu tools arm embedded/7 2017-q4-major/bin/../lib/gcc/arm-none-eabi/7.2.1/../../../../arm-none-eabi/lib/thumb/v7e-m\libg.a(lib_a-dtoa.o)
 .text._dtoa_r  0x080029b0      0xdf4 c:/program files (x86)/gnu tools arm embedded/7 2017-q4-major/bin/../lib/gcc/arm-none-eabi/7.2.1/../../../../arm-none-eabi/lib/thumb/v7e-m\libg.a(lib_a-dtoa.o)
                0x080029b0                _dtoa_r
 .text._localeconv_r
                0x080037a4       0x1c c:/program files (x86)/gnu tools arm embedded/7 2017-q4-major/bin/../lib/gcc/arm-none-eabi/7.2.1/../../../../arm-none-eabi/lib/thumb/v7e-m\libg.a(lib_a-localeconv.o)
                0x080037a4                _localeconv_r
 .text._malloc_r
                0x080037c0      0x548 c:/program files (x86)/gnu tools arm embedded/7 2017-q4-major/bin/../lib/gcc/arm-none-eabi/7.2.1/../../../../arm-none-eabi/lib/thumb/v7e-m\libg.a(lib_a-mallocr.o)
                0x080037c0                _malloc_r
 *fill*         0x08003d08        0x8 
 .text          0x08003d10       0xa0 c:/program files (x86)/gnu tools arm embedded/7 2017-q4-major/bin/../lib/gcc/arm-none-eabi/7.2.1/../../../../arm-none-eabi/lib/thumb/v7e-m\libg.a(lib_a-memchr.o)
                0x08003d10                memchr
 .text          0x08003db0      0x134 c:/program files (x86)/gnu tools arm embedded/7 2017-q4-major/bin/../lib/gcc/arm-none-eabi/7.2.1/../../../../arm-none-eabi/lib/thumb/v7e-m\libg.a(lib_a-memcpy.o)
                0x08003db0                memcpy
 .text.__malloc_lock
                0x08003ee4        0xc c:/program files (x86)/gnu tools arm embedded/7 2017-q4-major/bin/../lib/gcc/arm-none-eabi/7.2.1/../../../../arm-none-eabi/lib/thumb/v7e-m\libg.a(lib_a-mlock.o)
                0x08003ee4                __malloc_lock
 .text.__malloc_unlock
                0x08003ef0        0xc c:/program files (x86)/gnu tools arm embedded/7 2017-q4-major/bin/../lib/gcc/arm-none-eabi/7.2.1/../../../../arm-none-eabi/lib/thumb/v7e-m\libg.a(lib_a-mlock.o)
                0x08003ef0                __malloc_unlock
 .text._Balloc  0x08003efc       0x4c c:/program files (x86)/gnu tools arm embedded/7 2017-q4-major/bin/../lib/gcc/arm-none-eabi/7.2.1/../../../../arm-none-eabi/lib/thumb/v7e-m\libg.a(lib_a-mprec.o)
                0x08003efc                _Balloc
 .text._Bfree   0x08003f48       0x14 c:/program files (x86)/gnu tools arm embedded/7 2017-q4-major/bin/../lib/gcc/arm-none-eabi/7.2.1/../../../../arm-none-eabi/lib/thumb/v7e-m\libg.a(lib_a-mprec.o)
                0x08003f48                _Bfree
 .text.__multadd
                0x08003f5c       0x80 c:/program files (x86)/gnu tools arm embedded/7 2017-q4-major/bin/../lib/gcc/arm-none-eabi/7.2.1/../../../../arm-none-eabi/lib/thumb/v7e-m\libg.a(lib_a-mprec.o)
                0x08003f5c                __multadd
 .text.__hi0bits
                0x08003fdc       0x40 c:/program files (x86)/gnu tools arm embedded/7 2017-q4-major/bin/../lib/gcc/arm-none-eabi/7.2.1/../../../../arm-none-eabi/lib/thumb/v7e-m\libg.a(lib_a-mprec.o)
                0x08003fdc                __hi0bits
 .text.__lo0bits
                0x0800401c       0x60 c:/program files (x86)/gnu tools arm embedded/7 2017-q4-major/bin/../lib/gcc/arm-none-eabi/7.2.1/../../../../arm-none-eabi/lib/thumb/v7e-m\libg.a(lib_a-mprec.o)
                0x0800401c                __lo0bits
 .text.__i2b    0x0800407c       0x14 c:/program files (x86)/gnu tools arm embedded/7 2017-q4-major/bin/../lib/gcc/arm-none-eabi/7.2.1/../../../../arm-none-eabi/lib/thumb/v7e-m\libg.a(lib_a-mprec.o)
                0x0800407c                __i2b
 .text.__multiply
                0x08004090      0x14c c:/program files (x86)/gnu tools arm embedded/7 2017-q4-major/bin/../lib/gcc/arm-none-eabi/7.2.1/../../../../arm-none-eabi/lib/thumb/v7e-m\libg.a(lib_a-mprec.o)
                0x08004090                __multiply
 .text.__pow5mult
                0x080041dc       0xa0 c:/program files (x86)/gnu tools arm embedded/7 2017-q4-major/bin/../lib/gcc/arm-none-eabi/7.2.1/../../../../arm-none-eabi/lib/thumb/v7e-m\libg.a(lib_a-mprec.o)
                0x080041dc                __pow5mult
 .text.__lshift
                0x0800427c       0xac c:/program files (x86)/gnu tools arm embedded/7 2017-q4-major/bin/../lib/gcc/arm-none-eabi/7.2.1/../../../../arm-none-eabi/lib/thumb/v7e-m\libg.a(lib_a-mprec.o)
                0x0800427c                __lshift
 .text.__mcmp   0x08004328       0x38 c:/program files (x86)/gnu tools arm embedded/7 2017-q4-major/bin/../lib/gcc/arm-none-eabi/7.2.1/../../../../arm-none-eabi/lib/thumb/v7e-m\libg.a(lib_a-mprec.o)
                0x08004328                __mcmp
 .text.__mdiff  0x08004360       0xec c:/program files (x86)/gnu tools arm embedded/7 2017-q4-major/bin/../lib/gcc/arm-none-eabi/7.2.1/../../../../arm-none-eabi/lib/thumb/v7e-m\libg.a(lib_a-mprec.o)
                0x08004360                __mdiff
 .text.__d2b    0x0800444c       0xb0 c:/program files (x86)/gnu tools arm embedded/7 2017-q4-major/bin/../lib/gcc/arm-none-eabi/7.2.1/../../../../arm-none-eabi/lib/thumb/v7e-m\libg.a(lib_a-mprec.o)
                0x0800444c                __d2b
 .text._sbrk_r  0x080044fc       0x24 c:/program files (x86)/gnu tools arm embedded/7 2017-q4-major/bin/../lib/gcc/arm-none-eabi/7.2.1/../../../../arm-none-eabi/lib/thumb/v7e-m\libg.a(lib_a-sbrkr.o)
                0x080044fc                _sbrk_r
 .text.__ssprint_r
                0x08004520       0xf4 c:/program files (x86)/gnu tools arm embedded/7 2017-q4-major/bin/../lib/gcc/arm-none-eabi/7.2.1/../../../../arm-none-eabi/lib/thumb/v7e-m\libg.a(lib_a-svfiprintf.o)
                0x08004520                __ssprint_r
 .text._calloc_r
                0x08004614       0x68 c:/program files (x86)/gnu tools arm embedded/7 2017-q4-major/bin/../lib/gcc/arm-none-eabi/7.2.1/../../../../arm-none-eabi/lib/thumb/v7e-m\libg.a(lib_a-callocr.o)
                0x08004614                _calloc_r
 .text._malloc_trim_r
                0x0800467c       0xa0 c:/program files (x86)/gnu tools arm embedded/7 2017-q4-major/bin/../lib/gcc/arm-none-eabi/7.2.1/../../../../arm-none-eabi/lib/thumb/v7e-m\libg.a(lib_a-freer.o)
                0x0800467c                _malloc_trim_r
 .text._free_r  0x0800471c      0x1e8 c:/program files (x86)/gnu tools arm embedded/7 2017-q4-major/bin/../lib/gcc/arm-none-eabi/7.2.1/../../../../arm-none-eabi/lib/thumb/v7e-m\libg.a(lib_a-freer.o)
                0x0800471c                _free_r
 .text.__retarget_lock_acquire_recursive
                0x08004904        0x4 c:/program files (x86)/gnu tools arm embedded/7 2017-q4-major/bin/../lib/gcc/arm-none-eabi/7.2.1/../../../../arm-none-eabi/lib/thumb/v7e-m\libg.a(lib_a-lock.o)
                0x08004904                __retarget_lock_acquire_recursive
 .text.__retarget_lock_release_recursive
                0x08004908        0x4 c:/program files (x86)/gnu tools arm embedded/7 2017-q4-major/bin/../lib/gcc/arm-none-eabi/7.2.1/../../../../arm-none-eabi/lib/thumb/v7e-m\libg.a(lib_a-lock.o)
                0x08004908                __retarget_lock_release_recursive
 .text.__ascii_mbtowc
                0x0800490c       0x2c c:/program files (x86)/gnu tools arm embedded/7 2017-q4-major/bin/../lib/gcc/arm-none-eabi/7.2.1/../../../../arm-none-eabi/lib/thumb/v7e-m\libg.a(lib_a-mbtowc_r.o)
                0x0800490c                __ascii_mbtowc
 .text.memmove  0x08004938       0xc8 c:/program files (x86)/gnu tools arm embedded/7 2017-q4-major/bin/../lib/gcc/arm-none-eabi/7.2.1/../../../../arm-none-eabi/lib/thumb/v7e-m\libg.a(lib_a-memmove.o)
                0x08004938                memmove
 .text.memset   0x08004a00       0x94 c:/program files (x86)/gnu tools arm embedded/7 2017-q4-major/bin/../lib/gcc/arm-none-eabi/7.2.1/../../../../arm-none-eabi/lib/thumb/v7e-m\libg.a(lib_a-memset.o)
                0x08004a00                memset
 .text._realloc_r
                0x08004a94      0x35c c:/program files (x86)/gnu tools arm embedded/7 2017-q4-major/bin/../lib/gcc/arm-none-eabi/7.2.1/../../../../arm-none-eabi/lib/thumb/v7e-m\libg.a(lib_a-reallocr.o)
                0x08004a94                _realloc_r
 .text.__ascii_wctomb
                0x08004df0       0x1c c:/program files (x86)/gnu tools arm embedded/7 2017-q4-major/bin/../lib/gcc/arm-none-eabi/7.2.1/../../../../arm-none-eabi/lib/thumb/v7e-m\libg.a(lib_a-wctomb_r.o)
                0x08004df0                __ascii_wctomb
 .text          0x08004e0c      0x378 c:/program files (x86)/gnu tools arm embedded/7 2017-q4-major/bin/../lib/gcc/arm-none-eabi/7.2.1/thumb/v7e-m\libgcc.a(_arm_addsubdf3.o)
                0x08004e0c                __aeabi_drsub
                0x08004e14                __aeabi_dsub
                0x08004e14                __subdf3
                0x08004e18                __aeabi_dadd
                0x08004e18                __adddf3
                0x08005090                __floatunsidf
                0x08005090                __aeabi_ui2d
                0x080050b0                __floatsidf
                0x080050b0                __aeabi_i2d
                0x080050d4                __aeabi_f2d
                0x080050d4                __extendsfdf2
                0x08005118                __floatundidf
                0x08005118                __aeabi_ul2d
                0x08005128                __floatdidf
                0x08005128                __aeabi_l2d
 .text          0x08005184      0x424 c:/program files (x86)/gnu tools arm embedded/7 2017-q4-major/bin/../lib/gcc/arm-none-eabi/7.2.1/thumb/v7e-m\libgcc.a(_arm_muldivdf3.o)
                0x08005184                __aeabi_dmul
                0x08005184                __muldf3
                0x080053d8                __divdf3
                0x080053d8                __aeabi_ddiv
 .text          0x080055a8      0x110 c:/program files (x86)/gnu tools arm embedded/7 2017-q4-major/bin/../lib/gcc/arm-none-eabi/7.2.1/thumb/v7e-m\libgcc.a(_arm_cmpdf2.o)
                0x080055a8                __gtdf2
                0x080055a8                __gedf2
                0x080055b0                __ltdf2
                0x080055b0                __ledf2
                0x080055b8                __nedf2
                0x080055b8                __eqdf2
                0x080055b8                __cmpdf2
                0x08005634                __aeabi_cdrcmple
                0x08005644                __aeabi_cdcmpeq
                0x08005644                __aeabi_cdcmple
                0x08005654                __aeabi_dcmpeq
                0x08005668                __aeabi_dcmplt
                0x0800567c                __aeabi_dcmple
                0x08005690                __aeabi_dcmpge
                0x080056a4                __aeabi_dcmpgt
 .text          0x080056b8       0x2c c:/program files (x86)/gnu tools arm embedded/7 2017-q4-major/bin/../lib/gcc/arm-none-eabi/7.2.1/thumb/v7e-m\libgcc.a(_arm_unorddf2.o)
                0x080056b8                __unorddf2
                0x080056b8                __aeabi_dcmpun
 .text          0x080056e4       0x50 c:/program files (x86)/gnu tools arm embedded/7 2017-q4-major/bin/../lib/gcc/arm-none-eabi/7.2.1/thumb/v7e-m\libgcc.a(_arm_fixdfsi.o)
                0x080056e4                __aeabi_d2iz
                0x080056e4                __fixdfsi
 .text          0x08005734       0x30 c:/program files (x86)/gnu tools arm embedded/7 2017-q4-major/bin/../lib/gcc/arm-none-eabi/7.2.1/thumb/v7e-m\libgcc.a(_aeabi_uldivmod.o)
                0x08005734                __aeabi_uldivmod
 .text          0x08005764      0x2cc c:/program files (x86)/gnu tools arm embedded/7 2017-q4-major/bin/../lib/gcc/arm-none-eabi/7.2.1/thumb/v7e-m\libgcc.a(_udivmoddi4.o)
                0x08005764                __udivmoddi4
 .text          0x08005a30        0x4 c:/program files (x86)/gnu tools arm embedded/7 2017-q4-major/bin/../lib/gcc/arm-none-eabi/7.2.1/thumb/v7e-m\libgcc.a(_dvmd_tls.o)
                0x08005a30                __aeabi_idiv0
                0x08005a30                __aeabi_ldiv0
 *(.rodata .rodata.* .constdata .constdata.*)
 .rodata.HAL_NVIC_SetPriorityGrouping.str1.4
                0x08005a34       0x31 ./system/src/stm32f4-hal/stm32f4xx_hal_cortex.o
 *fill*         0x08005a65        0x3 
 .rodata.APBAHBPrescTable
                0x08005a68       0x10 ./system/src/stm32f4-hal/stm32f4xx_hal_rcc.o
                0x08005a68                APBAHBPrescTable
 .rodata.HAL_RCC_OscConfig.str1.4
                0x08005a78       0x2e ./system/src/stm32f4-hal/stm32f4xx_hal_rcc.o
 *fill*         0x08005aa6        0x2 
 .rodata.abort.str1.4
                0x08005aa8       0x14 ./system/src/newlib/_exit.o
 .rodata.assert_failed.str1.4
                0x08005abc       0x2b ./system/src/newlib/assert.o
 .rodata.trace_puts.str1.4
                0x08005ae7       0x2b ./system/src/diag/Trace.o
                                  0x2 (size before relaxing)
 *fill*         0x08005ae7        0x1 
 .rodata.dumpExceptionStack.str1.4
                0x08005ae8      0x11a ./system/src/cortexm/exception_handlers.o
 *fill*         0x08005c02        0x2 
 .rodata.str1.4
                0x08005c04       0x2a ./system/src/cortexm/exception_handlers.o
 *fill*         0x08005c2e        0x2 
 .rodata.AHBPrescTable
                0x08005c30       0x10 ./system/src/cmsis/system_stm32f4xx.o
                0x08005c30                AHBPrescTable
 .rodata._svfprintf_r.str1.4
                0x08005c40       0x42 c:/program files (x86)/gnu tools arm embedded/7 2017-q4-major/bin/../lib/gcc/arm-none-eabi/7.2.1/../../../../arm-none-eabi/lib/thumb/v7e-m\libg.a(lib_a-svfprintf.o)
 *fill*         0x08005c82        0x2 
 .rodata.blanks.7276
                0x08005c84       0x10 c:/program files (x86)/gnu tools arm embedded/7 2017-q4-major/bin/../lib/gcc/arm-none-eabi/7.2.1/../../../../arm-none-eabi/lib/thumb/v7e-m\libg.a(lib_a-svfprintf.o)
 .rodata.zeroes.7277
                0x08005c94       0x10 c:/program files (x86)/gnu tools arm embedded/7 2017-q4-major/bin/../lib/gcc/arm-none-eabi/7.2.1/../../../../arm-none-eabi/lib/thumb/v7e-m\libg.a(lib_a-svfprintf.o)
 .rodata._dtoa_r.str1.4
                0x08005ca4       0x10 c:/program files (x86)/gnu tools arm embedded/7 2017-q4-major/bin/../lib/gcc/arm-none-eabi/7.2.1/../../../../arm-none-eabi/lib/thumb/v7e-m\libg.a(lib_a-dtoa.o)
                                 0x12 (size before relaxing)
 *fill*         0x08005cb4        0x4 
 .rodata.__mprec_bigtens
                0x08005cb8       0x28 c:/program files (x86)/gnu tools arm embedded/7 2017-q4-major/bin/../lib/gcc/arm-none-eabi/7.2.1/../../../../arm-none-eabi/lib/thumb/v7e-m\libg.a(lib_a-mprec.o)
                0x08005cb8                __mprec_bigtens
 .rodata.__mprec_tens
                0x08005ce0       0xc8 c:/program files (x86)/gnu tools arm embedded/7 2017-q4-major/bin/../lib/gcc/arm-none-eabi/7.2.1/../../../../arm-none-eabi/lib/thumb/v7e-m\libg.a(lib_a-mprec.o)
                0x08005ce0                __mprec_tens
 .rodata.p05.6092
                0x08005da8        0xc c:/program files (x86)/gnu tools arm embedded/7 2017-q4-major/bin/../lib/gcc/arm-none-eabi/7.2.1/../../../../arm-none-eabi/lib/thumb/v7e-m\libg.a(lib_a-mprec.o)
 .rodata._setlocale_r.str1.4
                0x08005db4        0xa c:/program files (x86)/gnu tools arm embedded/7 2017-q4-major/bin/../lib/gcc/arm-none-eabi/7.2.1/../../../../arm-none-eabi/lib/thumb/v7e-m\libg.a(lib_a-locale.o)
                                  0xd (size before relaxing)
 *fill*         0x08005dbe        0x2 
 .rodata.str1.4
                0x08005dc0        0x4 c:/program files (x86)/gnu tools arm embedded/7 2017-q4-major/bin/../lib/gcc/arm-none-eabi/7.2.1/../../../../arm-none-eabi/lib/thumb/v7e-m\libg.a(lib_a-locale.o)
                                  0x2 (size before relaxing)
 .rodata._ctype_
                0x08005dc4      0x101 c:/program files (x86)/gnu tools arm embedded/7 2017-q4-major/bin/../lib/gcc/arm-none-eabi/7.2.1/../../../../arm-none-eabi/lib/thumb/v7e-m\libg.a(lib_a-ctype_.o)
                0x08005dc4                _ctype_
 *(vtable)
 *(.eh_frame*)
 *(.glue_7)
 .glue_7        0x08005ec5        0x0 linker stubs
 *(.glue_7t)
 .glue_7t       0x08005ec5        0x0 linker stubs

.vfp11_veneer   0x08005ec8        0x0
 .vfp11_veneer  0x08005ec8        0x0 linker stubs

.v4_bx          0x08005ec8        0x0
 .v4_bx         0x08005ec8        0x0 linker stubs

.iplt           0x08005ec8        0x0
 .iplt          0x08005ec8        0x0 ./system/src/stm32f4-hal/stm32f4xx_hal.o

.ARM.extab
 *(.ARM.extab* .gnu.linkonce.armextab.*)
                0x08005ec8                . = ALIGN (0x4)
                0x08005ec8                __exidx_start = .

.ARM.exidx      0x08005ec8        0x8
 *(.ARM.exidx* .gnu.linkonce.armexidx.*)
 .ARM.exidx     0x08005ec8        0x8 c:/program files (x86)/gnu tools arm embedded/7 2017-q4-major/bin/../lib/gcc/arm-none-eabi/7.2.1/thumb/v7e-m\libgcc.a(_udivmoddi4.o)
                0x08005ed0                __exidx_end = .

.rel.dyn        0x08005ed0        0x0
 .rel.iplt      0x08005ed0        0x0 ./system/src/stm32f4-hal/stm32f4xx_hal.o
                0x08005ed0                . = ALIGN (0x4)
                0x08005ed0                _etext = .
                0x08005ed0                __etext = .

.data_CCMRAM    0x10000000        0x0 load address 0x08005ed0
 FILL mask 0xff
 *(.data.CCMRAM .data.CCMRAM.*)
                0x10000000                . = ALIGN (0x4)
                0x08005ed0                _sidata = LOADADDR (.data)

.data           0x20000000      0x9c0 load address 0x08005ed0
 FILL mask 0xff
                0x20000000                _sdata = .
                0x20000000                __data_start__ = .
 *(.data_begin .data_begin.*)
 .data_begin    0x20000000        0x4 ./system/src/newlib/_startup.o
 *(.data .data.*)
 .data.argv.4310
                0x20000004        0x8 ./system/src/newlib/_syscalls.o
 .data.SystemCoreClock
                0x2000000c        0x4 ./system/src/cmsis/system_stm32f4xx.o
                0x2000000c                SystemCoreClock
 .data._impure_ptr
                0x20000010        0x4 c:/program files (x86)/gnu tools arm embedded/7 2017-q4-major/bin/../lib/gcc/arm-none-eabi/7.2.1/../../../../arm-none-eabi/lib/thumb/v7e-m\libg.a(lib_a-impure.o)
                0x20000010                _impure_ptr
 *fill*         0x20000014        0x4 ff
 .data.impure_data
                0x20000018      0x428 c:/program files (x86)/gnu tools arm embedded/7 2017-q4-major/bin/../lib/gcc/arm-none-eabi/7.2.1/../../../../arm-none-eabi/lib/thumb/v7e-m\libg.a(lib_a-impure.o)
 .data.__malloc_av_
                0x20000440      0x408 c:/program files (x86)/gnu tools arm embedded/7 2017-q4-major/bin/../lib/gcc/arm-none-eabi/7.2.1/../../../../arm-none-eabi/lib/thumb/v7e-m\libg.a(lib_a-mallocr.o)
                0x20000440                __malloc_av_
 .data.__malloc_sbrk_base
                0x20000848        0x4 c:/program files (x86)/gnu tools arm embedded/7 2017-q4-major/bin/../lib/gcc/arm-none-eabi/7.2.1/../../../../arm-none-eabi/lib/thumb/v7e-m\libg.a(lib_a-mallocr.o)
                0x20000848                __malloc_sbrk_base
 .data.__malloc_trim_threshold
                0x2000084c        0x4 c:/program files (x86)/gnu tools arm embedded/7 2017-q4-major/bin/../lib/gcc/arm-none-eabi/7.2.1/../../../../arm-none-eabi/lib/thumb/v7e-m\libg.a(lib_a-mallocr.o)
                0x2000084c                __malloc_trim_threshold
 .data.__global_locale
                0x20000850      0x16c c:/program files (x86)/gnu tools arm embedded/7 2017-q4-major/bin/../lib/gcc/arm-none-eabi/7.2.1/../../../../arm-none-eabi/lib/thumb/v7e-m\libg.a(lib_a-locale.o)
                0x20000850                __global_locale
 *(.data_end .data_end.*)
 .data_end      0x200009bc        0x4 ./system/src/newlib/_startup.o
                0x200009c0                . = ALIGN (0x4)
                0x200009c0                _edata = .
                0x200009c0                __data_end__ = .

.igot.plt       0x200009c0        0x0 load address 0x08006890
 .igot.plt      0x200009c0        0x0 ./system/src/stm32f4-hal/stm32f4xx_hal.o

.bss_CCMRAM     0x10000000        0x0
 *(.bss.CCMRAM .bss.CCMRAM.*)

.bss            0x200009c0       0xf4
                0x200009c0                __bss_start__ = .
                0x200009c0                _sbss = .
 *(.bss_begin .bss_begin.*)
 .bss_begin     0x200009c0        0x4 ./system/src/newlib/_startup.o
 *(.bss .bss.*)
 .bss.current_heap_end.3961
                0x200009c4        0x4 ./system/src/newlib/_sbrk.o
 .bss.name.4309
                0x200009c8        0x1 ./system/src/newlib/_syscalls.o
 *fill*         0x200009c9        0x3 
 .bss.buf.5205  0x200009cc       0x80 ./system/src/diag/Trace.o
 .bss.state     0x20000a4c        0x1 ./src/main.o
                0x20000a4c                state
 *fill*         0x20000a4d        0x3 
 .bss.__malloc_current_mallinfo
                0x20000a50       0x28 c:/program files (x86)/gnu tools arm embedded/7 2017-q4-major/bin/../lib/gcc/arm-none-eabi/7.2.1/../../../../arm-none-eabi/lib/thumb/v7e-m\libg.a(lib_a-mallocr.o)
                0x20000a50                __malloc_current_mallinfo
 .bss.__malloc_max_sbrked_mem
                0x20000a78        0x4 c:/program files (x86)/gnu tools arm embedded/7 2017-q4-major/bin/../lib/gcc/arm-none-eabi/7.2.1/../../../../arm-none-eabi/lib/thumb/v7e-m\libg.a(lib_a-mallocr.o)
                0x20000a78                __malloc_max_sbrked_mem
 .bss.__malloc_max_total_mem
                0x20000a7c        0x4 c:/program files (x86)/gnu tools arm embedded/7 2017-q4-major/bin/../lib/gcc/arm-none-eabi/7.2.1/../../../../arm-none-eabi/lib/thumb/v7e-m\libg.a(lib_a-mallocr.o)
                0x20000a7c                __malloc_max_total_mem
 .bss.__malloc_top_pad
                0x20000a80        0x4 c:/program files (x86)/gnu tools arm embedded/7 2017-q4-major/bin/../lib/gcc/arm-none-eabi/7.2.1/../../../../arm-none-eabi/lib/thumb/v7e-m\libg.a(lib_a-mallocr.o)
                0x20000a80                __malloc_top_pad
 *(COMMON)
 COMMON         0x20000a84        0x4 ./system/src/stm32f4-hal/stm32f4xx_hal.o
                0x20000a84                uwTick
 COMMON         0x20000a88        0x4 ./system/src/newlib/_syscalls.o
                0x20000a88                errno
 COMMON         0x20000a8c       0x21 c:/program files (x86)/gnu tools arm embedded/7 2017-q4-major/bin/../lib/gcc/arm-none-eabi/7.2.1/../../../../arm-none-eabi/lib/thumb/v7e-m\libg.a(lib_a-lock.o)
                0x20000a8c                __lock___atexit_recursive_mutex
                0x20000a90                __lock___arc4random_mutex
                0x20000a94                __lock___env_recursive_mutex
                0x20000a98                __lock___sinit_recursive_mutex
                0x20000a9c                __lock___malloc_recursive_mutex
                0x20000aa0                __lock___at_quick_exit_mutex
                0x20000aa4                __lock___dd_hash_mutex
                0x20000aa8                __lock___tz_mutex
                0x20000aac                __lock___sfp_recursive_mutex
 *(.bss_end .bss_end.*)
 *fill*         0x20000aad        0x3 
 .bss_end       0x20000ab0        0x4 ./system/src/newlib/_startup.o
                0x20000ab4                . = ALIGN (0x4)
                0x20000ab4                __bss_end__ = .
                0x20000ab4                _ebss = .

.noinit_CCMRAM
 *(.noinit.CCMRAM .noinit.CCMRAM.*)

.noinit         0x20000ab4        0x0
                0x20000ab4                _noinit = .
 *(.noinit .noinit.*)
                0x20000ab4                . = ALIGN (0x4)
                0x20000ab4                _end_noinit = .
                [!provide]                PROVIDE (end, _end_noinit)
                [!provide]                PROVIDE (_end, _end_noinit)
                [!provide]                PROVIDE (__end, _end_noinit)
                [!provide]                PROVIDE (__end__, _end_noinit)

._check_stack   0x20000ab4      0x100
                0x20000bb4                . = (. + _Minimum_Stack_Size)
 *fill*         0x20000ab4      0x100 

.b1text
 *(.b1text)
 *(.b1rodata)
 *(.b1rodata.*)

.eb0text
 *(.eb0text)
 *(.eb0rodata)
 *(.eb0rodata.*)

.eb1text
 *(.eb1text)
 *(.eb1rodata)
 *(.eb1rodata.*)

.eb2text
 *(.eb2text)
 *(.eb2rodata)
 *(.eb2rodata.*)

.eb3text
 *(.eb3text)
 *(.eb3rodata)
 *(.eb3rodata.*)

.stab
 *(.stab)

.stabstr
 *(.stabstr)

.stab.excl
 *(.stab.excl)

.stab.exclstr
 *(.stab.exclstr)

.stab.index
 *(.stab.index)

.stab.indexstr
 *(.stab.indexstr)

.comment        0x00000000       0x7e
 *(.comment)
 .comment       0x00000000       0x7e ./system/src/stm32f4-hal/stm32f4xx_hal.o
                                 0x7f (size before relaxing)
 .comment       0x0000007e       0x7f ./system/src/stm32f4-hal/stm32f4xx_hal_cortex.o
 .comment       0x0000007e       0x7f ./system/src/stm32f4-hal/stm32f4xx_hal_rcc.o
 .comment       0x0000007e       0x7f ./system/src/newlib/_exit.o
 .comment       0x0000007e       0x7f ./system/src/newlib/_sbrk.o
 .comment       0x0000007e       0x7f ./system/src/newlib/_startup.o
 .comment       0x0000007e       0x7f ./system/src/newlib/_syscalls.o
 .comment       0x0000007e       0x7f ./system/src/newlib/assert.o
 .comment       0x0000007e       0x7f ./system/src/diag/Trace.o
 .comment       0x0000007e       0x7f ./system/src/diag/trace_impl.o
 .comment       0x0000007e       0x7f ./system/src/cortexm/_initialize_hardware.o
 .comment       0x0000007e       0x7f ./system/src/cortexm/exception_handlers.o
 .comment       0x0000007e       0x7f ./system/src/cmsis/system_stm32f4xx.o
 .comment       0x0000007e       0x7f ./system/src/cmsis/vectors_stm32f407xx.o
 .comment       0x0000007e       0x7f ./src/GPIO_Driver.o
 .comment       0x0000007e       0x7f ./src/TCNT_Driver.o
 .comment       0x0000007e       0x7f ./src/_initialize_hardware.o
 .comment       0x0000007e       0x7f ./src/main.o
 .comment       0x0000007e       0x7f ./src/stm32f4xx_hal_msp.o

.ARM.attributes
                0x00000000       0x31
 .ARM.attributes
                0x00000000       0x33 ./system/src/stm32f4-hal/stm32f4xx_hal.o
 .ARM.attributes
                0x00000033       0x33 ./system/src/stm32f4-hal/stm32f4xx_hal_cortex.o
 .ARM.attributes
                0x00000066       0x33 ./system/src/stm32f4-hal/stm32f4xx_hal_rcc.o
 .ARM.attributes
                0x00000099       0x33 ./system/src/newlib/_exit.o
 .ARM.attributes
                0x000000cc       0x33 ./system/src/newlib/_sbrk.o
 .ARM.attributes
                0x000000ff       0x33 ./system/src/newlib/_startup.o
 .ARM.attributes
                0x00000132       0x33 ./system/src/newlib/_syscalls.o
 .ARM.attributes
                0x00000165       0x33 ./system/src/newlib/assert.o
 .ARM.attributes
                0x00000198       0x33 ./system/src/diag/Trace.o
 .ARM.attributes
                0x000001cb       0x33 ./system/src/diag/trace_impl.o
 .ARM.attributes
                0x000001fe       0x33 ./system/src/cortexm/_initialize_hardware.o
 .ARM.attributes
                0x00000231       0x33 ./system/src/cortexm/exception_handlers.o
 .ARM.attributes
                0x00000264       0x33 ./system/src/cmsis/system_stm32f4xx.o
 .ARM.attributes
                0x00000297       0x33 ./system/src/cmsis/vectors_stm32f407xx.o
 .ARM.attributes
                0x000002ca       0x33 ./src/GPIO_Driver.o
 .ARM.attributes
                0x000002fd       0x33 ./src/TCNT_Driver.o
 .ARM.attributes
                0x00000330       0x33 ./src/_initialize_hardware.o
 .ARM.attributes
                0x00000363       0x33 ./src/main.o
 .ARM.attributes
                0x00000396       0x33 ./src/stm32f4xx_hal_msp.o
 .ARM.attributes
                0x000003c9       0x2e c:/program files (x86)/gnu tools arm embedded/7 2017-q4-major/bin/../lib/gcc/arm-none-eabi/7.2.1/../../../../arm-none-eabi/lib/thumb/v7e-m\libg.a(lib_a-errno.o)
 .ARM.attributes
                0x000003f7       0x2e c:/program files (x86)/gnu tools arm embedded/7 2017-q4-major/bin/../lib/gcc/arm-none-eabi/7.2.1/../../../../arm-none-eabi/lib/thumb/v7e-m\libg.a(lib_a-impure.o)
 .ARM.attributes
                0x00000425       0x1c c:/program files (x86)/gnu tools arm embedded/7 2017-q4-major/bin/../lib/gcc/arm-none-eabi/7.2.1/../../../../arm-none-eabi/lib/thumb/v7e-m\libg.a(lib_a-strlen.o)
 .ARM.attributes
                0x00000441       0x2e c:/program files (x86)/gnu tools arm embedded/7 2017-q4-major/bin/../lib/gcc/arm-none-eabi/7.2.1/../../../../arm-none-eabi/lib/thumb/v7e-m\libg.a(lib_a-vsnprintf.o)
 .ARM.attributes
                0x0000046f       0x2e c:/program files (x86)/gnu tools arm embedded/7 2017-q4-major/bin/../lib/gcc/arm-none-eabi/7.2.1/../../../../arm-none-eabi/lib/thumb/v7e-m\libg.a(lib_a-svfprintf.o)
 .ARM.attributes
                0x0000049d       0x2e c:/program files (x86)/gnu tools arm embedded/7 2017-q4-major/bin/../lib/gcc/arm-none-eabi/7.2.1/../../../../arm-none-eabi/lib/thumb/v7e-m\libg.a(lib_a-dtoa.o)
 .ARM.attributes
                0x000004cb       0x2e c:/program files (x86)/gnu tools arm embedded/7 2017-q4-major/bin/../lib/gcc/arm-none-eabi/7.2.1/../../../../arm-none-eabi/lib/thumb/v7e-m\libg.a(lib_a-localeconv.o)
 .ARM.attributes
                0x000004f9       0x2e c:/program files (x86)/gnu tools arm embedded/7 2017-q4-major/bin/../lib/gcc/arm-none-eabi/7.2.1/../../../../arm-none-eabi/lib/thumb/v7e-m\libg.a(lib_a-mallocr.o)
 .ARM.attributes
                0x00000527       0x1c c:/program files (x86)/gnu tools arm embedded/7 2017-q4-major/bin/../lib/gcc/arm-none-eabi/7.2.1/../../../../arm-none-eabi/lib/thumb/v7e-m\libg.a(lib_a-memchr.o)
 .ARM.attributes
                0x00000543       0x1c c:/program files (x86)/gnu tools arm embedded/7 2017-q4-major/bin/../lib/gcc/arm-none-eabi/7.2.1/../../../../arm-none-eabi/lib/thumb/v7e-m\libg.a(lib_a-memcpy.o)
 .ARM.attributes
                0x0000055f       0x2e c:/program files (x86)/gnu tools arm embedded/7 2017-q4-major/bin/../lib/gcc/arm-none-eabi/7.2.1/../../../../arm-none-eabi/lib/thumb/v7e-m\libg.a(lib_a-mlock.o)
 .ARM.attributes
                0x0000058d       0x2e c:/program files (x86)/gnu tools arm embedded/7 2017-q4-major/bin/../lib/gcc/arm-none-eabi/7.2.1/../../../../arm-none-eabi/lib/thumb/v7e-m\libg.a(lib_a-mprec.o)
 .ARM.attributes
                0x000005bb       0x2e c:/program files (x86)/gnu tools arm embedded/7 2017-q4-major/bin/../lib/gcc/arm-none-eabi/7.2.1/../../../../arm-none-eabi/lib/thumb/v7e-m\libg.a(lib_a-sbrkr.o)
 .ARM.attributes
                0x000005e9       0x2e c:/program files (x86)/gnu tools arm embedded/7 2017-q4-major/bin/../lib/gcc/arm-none-eabi/7.2.1/../../../../arm-none-eabi/lib/thumb/v7e-m\libg.a(lib_a-svfiprintf.o)
 .ARM.attributes
                0x00000617       0x2e c:/program files (x86)/gnu tools arm embedded/7 2017-q4-major/bin/../lib/gcc/arm-none-eabi/7.2.1/../../../../arm-none-eabi/lib/thumb/v7e-m\libg.a(lib_a-callocr.o)
 .ARM.attributes
                0x00000645       0x2e c:/program files (x86)/gnu tools arm embedded/7 2017-q4-major/bin/../lib/gcc/arm-none-eabi/7.2.1/../../../../arm-none-eabi/lib/thumb/v7e-m\libg.a(lib_a-freer.o)
 .ARM.attributes
                0x00000673       0x2e c:/program files (x86)/gnu tools arm embedded/7 2017-q4-major/bin/../lib/gcc/arm-none-eabi/7.2.1/../../../../arm-none-eabi/lib/thumb/v7e-m\libg.a(lib_a-locale.o)
 .ARM.attributes
                0x000006a1       0x2e c:/program files (x86)/gnu tools arm embedded/7 2017-q4-major/bin/../lib/gcc/arm-none-eabi/7.2.1/../../../../arm-none-eabi/lib/thumb/v7e-m\libg.a(lib_a-lock.o)
 .ARM.attributes
                0x000006cf       0x2e c:/program files (x86)/gnu tools arm embedded/7 2017-q4-major/bin/../lib/gcc/arm-none-eabi/7.2.1/../../../../arm-none-eabi/lib/thumb/v7e-m\libg.a(lib_a-mbtowc_r.o)
 .ARM.attributes
                0x000006fd       0x2e c:/program files (x86)/gnu tools arm embedded/7 2017-q4-major/bin/../lib/gcc/arm-none-eabi/7.2.1/../../../../arm-none-eabi/lib/thumb/v7e-m\libg.a(lib_a-memmove.o)
 .ARM.attributes
                0x0000072b       0x2e c:/program files (x86)/gnu tools arm embedded/7 2017-q4-major/bin/../lib/gcc/arm-none-eabi/7.2.1/../../../../arm-none-eabi/lib/thumb/v7e-m\libg.a(lib_a-memset.o)
 .ARM.attributes
                0x00000759       0x2e c:/program files (x86)/gnu tools arm embedded/7 2017-q4-major/bin/../lib/gcc/arm-none-eabi/7.2.1/../../../../arm-none-eabi/lib/thumb/v7e-m\libg.a(lib_a-reallocr.o)
 .ARM.attributes
                0x00000787       0x2e c:/program files (x86)/gnu tools arm embedded/7 2017-q4-major/bin/../lib/gcc/arm-none-eabi/7.2.1/../../../../arm-none-eabi/lib/thumb/v7e-m\libg.a(lib_a-wctomb_r.o)
 .ARM.attributes
                0x000007b5       0x2e c:/program files (x86)/gnu tools arm embedded/7 2017-q4-major/bin/../lib/gcc/arm-none-eabi/7.2.1/../../../../arm-none-eabi/lib/thumb/v7e-m\libg.a(lib_a-ctype_.o)
 .ARM.attributes
                0x000007e3       0x1e c:/program files (x86)/gnu tools arm embedded/7 2017-q4-major/bin/../lib/gcc/arm-none-eabi/7.2.1/thumb/v7e-m\libgcc.a(_arm_addsubdf3.o)
 .ARM.attributes
                0x00000801       0x1e c:/program files (x86)/gnu tools arm embedded/7 2017-q4-major/bin/../lib/gcc/arm-none-eabi/7.2.1/thumb/v7e-m\libgcc.a(_arm_muldivdf3.o)
 .ARM.attributes
                0x0000081f       0x1e c:/program files (x86)/gnu tools arm embedded/7 2017-q4-major/bin/../lib/gcc/arm-none-eabi/7.2.1/thumb/v7e-m\libgcc.a(_arm_cmpdf2.o)
 .ARM.attributes
                0x0000083d       0x1e c:/program files (x86)/gnu tools arm embedded/7 2017-q4-major/bin/../lib/gcc/arm-none-eabi/7.2.1/thumb/v7e-m\libgcc.a(_arm_unorddf2.o)
 .ARM.attributes
                0x0000085b       0x1e c:/program files (x86)/gnu tools arm embedded/7 2017-q4-major/bin/../lib/gcc/arm-none-eabi/7.2.1/thumb/v7e-m\libgcc.a(_arm_fixdfsi.o)
 .ARM.attributes
                0x00000879       0x1e c:/program files (x86)/gnu tools arm embedded/7 2017-q4-major/bin/../lib/gcc/arm-none-eabi/7.2.1/thumb/v7e-m\libgcc.a(_aeabi_uldivmod.o)
 .ARM.attributes
                0x00000897       0x2e c:/program files (x86)/gnu tools arm embedded/7 2017-q4-major/bin/../lib/gcc/arm-none-eabi/7.2.1/thumb/v7e-m\libgcc.a(_udivmoddi4.o)
 .ARM.attributes
                0x000008c5       0x1e c:/program files (x86)/gnu tools arm embedded/7 2017-q4-major/bin/../lib/gcc/arm-none-eabi/7.2.1/thumb/v7e-m\libgcc.a(_dvmd_tls.o)

.debug
 *(.debug)

.line
 *(.line)

.debug_srcinfo
 *(.debug_srcinfo)

.debug_sfnames
 *(.debug_sfnames)

.debug_aranges  0x00000000      0x540
 *(.debug_aranges)
 .debug_aranges
                0x00000000       0xc0 ./system/src/stm32f4-hal/stm32f4xx_hal.o
 .debug_aranges
                0x000000c0       0x98 ./system/src/stm32f4-hal/stm32f4xx_hal_cortex.o
 .debug_aranges
                0x00000158       0x88 ./system/src/stm32f4-hal/stm32f4xx_hal_rcc.o
 .debug_aranges
                0x000001e0       0x28 ./system/src/newlib/_exit.o
 .debug_aranges
                0x00000208       0x20 ./system/src/newlib/_sbrk.o
 .debug_aranges
                0x00000228       0x40 ./system/src/newlib/_startup.o
 .debug_aranges
                0x00000268       0x30 ./system/src/newlib/_syscalls.o
 .debug_aranges
                0x00000298       0x28 ./system/src/newlib/assert.o
 .debug_aranges
                0x000002c0       0x38 ./system/src/diag/Trace.o
 .debug_aranges
                0x000002f8       0x30 ./system/src/diag/trace_impl.o
 .debug_aranges
                0x00000328       0x28 ./system/src/cortexm/_initialize_hardware.o
 .debug_aranges
                0x00000350       0x90 ./system/src/cortexm/exception_handlers.o
 .debug_aranges
                0x000003e0       0x28 ./system/src/cmsis/system_stm32f4xx.o
 .debug_aranges
                0x00000408       0x20 ./system/src/cmsis/vectors_stm32f407xx.o
 .debug_aranges
                0x00000428       0x50 ./src/GPIO_Driver.o
 .debug_aranges
                0x00000478       0x48 ./src/TCNT_Driver.o
 .debug_aranges
                0x000004c0       0x28 ./src/_initialize_hardware.o
 .debug_aranges
                0x000004e8       0x20 ./src/main.o
 .debug_aranges
                0x00000508       0x38 ./src/stm32f4xx_hal_msp.o

.debug_pubnames
 *(.debug_pubnames)

.debug_info     0x00000000     0xe9e4
 *(.debug_info .gnu.linkonce.wi.*)
 .debug_info    0x00000000     0x10f0 ./system/src/stm32f4-hal/stm32f4xx_hal.o
 .debug_info    0x000010f0     0x18f9 ./system/src/stm32f4-hal/stm32f4xx_hal_cortex.o
 .debug_info    0x000029e9     0x1754 ./system/src/stm32f4-hal/stm32f4xx_hal_rcc.o
 .debug_info    0x0000413d      0x956 ./system/src/newlib/_exit.o
 .debug_info    0x00004a93      0x942 ./system/src/newlib/_sbrk.o
 .debug_info    0x000053d5      0x4bf ./system/src/newlib/_startup.o
 .debug_info    0x00005894      0xa19 ./system/src/newlib/_syscalls.o
 .debug_info    0x000062ad      0x9ff ./system/src/newlib/assert.o
 .debug_info    0x00006cac      0xb2a ./system/src/diag/Trace.o
 .debug_info    0x000077d6      0xb6b ./system/src/diag/trace_impl.o
 .debug_info    0x00008341      0xade ./system/src/cortexm/_initialize_hardware.o
 .debug_info    0x00008e1f     0x115a ./system/src/cortexm/exception_handlers.o
 .debug_info    0x00009f79      0xcd4 ./system/src/cmsis/system_stm32f4xx.o
 .debug_info    0x0000ac4d       0xca ./system/src/cmsis/vectors_stm32f407xx.o
 .debug_info    0x0000ad17      0xd51 ./src/GPIO_Driver.o
 .debug_info    0x0000ba68      0xcb7 ./src/TCNT_Driver.o
 .debug_info    0x0000c71f      0xd08 ./src/_initialize_hardware.o
 .debug_info    0x0000d427      0xcae ./src/main.o
 .debug_info    0x0000e0d5      0x90f ./src/stm32f4xx_hal_msp.o

.debug_abbrev   0x00000000     0x2bd7
 *(.debug_abbrev)
 .debug_abbrev  0x00000000      0x32b ./system/src/stm32f4-hal/stm32f4xx_hal.o
 .debug_abbrev  0x0000032b      0x3f1 ./system/src/stm32f4-hal/stm32f4xx_hal_cortex.o
 .debug_abbrev  0x0000071c      0x394 ./system/src/stm32f4-hal/stm32f4xx_hal_rcc.o
 .debug_abbrev  0x00000ab0      0x1f3 ./system/src/newlib/_exit.o
 .debug_abbrev  0x00000ca3      0x1fc ./system/src/newlib/_sbrk.o
 .debug_abbrev  0x00000e9f      0x1cb ./system/src/newlib/_startup.o
 .debug_abbrev  0x0000106a      0x234 ./system/src/newlib/_syscalls.o
 .debug_abbrev  0x0000129e      0x1f3 ./system/src/newlib/assert.o
 .debug_abbrev  0x00001491      0x276 ./system/src/diag/Trace.o
 .debug_abbrev  0x00001707      0x2ef ./system/src/diag/trace_impl.o
 .debug_abbrev  0x000019f6      0x1de ./system/src/cortexm/_initialize_hardware.o
 .debug_abbrev  0x00001bd4      0x32b ./system/src/cortexm/exception_handlers.o
 .debug_abbrev  0x00001eff      0x216 ./system/src/cmsis/system_stm32f4xx.o
 .debug_abbrev  0x00002115       0x9d ./system/src/cmsis/vectors_stm32f407xx.o
 .debug_abbrev  0x000021b2      0x21a ./src/GPIO_Driver.o
 .debug_abbrev  0x000023cc      0x214 ./src/TCNT_Driver.o
 .debug_abbrev  0x000025e0      0x22d ./src/_initialize_hardware.o
 .debug_abbrev  0x0000280d      0x219 ./src/main.o
 .debug_abbrev  0x00002a26      0x1b1 ./src/stm32f4xx_hal_msp.o

.debug_line     0x00000000     0xa09b
 *(.debug_line)
 .debug_line    0x00000000      0xbf8 ./system/src/stm32f4-hal/stm32f4xx_hal.o
 .debug_line    0x00000bf8      0xcef ./system/src/stm32f4-hal/stm32f4xx_hal_cortex.o
 .debug_line    0x000018e7      0xe7a ./system/src/stm32f4-hal/stm32f4xx_hal_rcc.o
 .debug_line    0x00002761      0x36f ./system/src/newlib/_exit.o
 .debug_line    0x00002ad0      0x323 ./system/src/newlib/_sbrk.o
 .debug_line    0x00002df3      0x3eb ./system/src/newlib/_startup.o
 .debug_line    0x000031de      0x441 ./system/src/newlib/_syscalls.o
 .debug_line    0x0000361f      0x3aa ./system/src/newlib/assert.o
 .debug_line    0x000039c9      0x3eb ./system/src/diag/Trace.o
 .debug_line    0x00003db4      0xb2b ./system/src/diag/trace_impl.o
 .debug_line    0x000048df      0xa94 ./system/src/cortexm/_initialize_hardware.o
 .debug_line    0x00005373      0xbe2 ./system/src/cortexm/exception_handlers.o
 .debug_line    0x00005f55      0xa9a ./system/src/cmsis/system_stm32f4xx.o
 .debug_line    0x000069ef      0x10a ./system/src/cmsis/vectors_stm32f407xx.o
 .debug_line    0x00006af9      0xb10 ./src/GPIO_Driver.o
 .debug_line    0x00007609      0xaea ./src/TCNT_Driver.o
 .debug_line    0x000080f3      0xa8b ./src/_initialize_hardware.o
 .debug_line    0x00008b7e      0xa8f ./src/main.o
 .debug_line    0x0000960d      0xa8e ./src/stm32f4xx_hal_msp.o

.debug_frame    0x00000000     0x14dc
 *(.debug_frame)
 .debug_frame   0x00000000      0x188 ./system/src/stm32f4-hal/stm32f4xx_hal.o
 .debug_frame   0x00000188      0x17c ./system/src/stm32f4-hal/stm32f4xx_hal_cortex.o
 .debug_frame   0x00000304      0x140 ./system/src/stm32f4-hal/stm32f4xx_hal_rcc.o
 .debug_frame   0x00000444       0x38 ./system/src/newlib/_exit.o
 .debug_frame   0x0000047c       0x28 ./system/src/newlib/_sbrk.o
 .debug_frame   0x000004a4       0x7c ./system/src/newlib/_startup.o
 .debug_frame   0x00000520       0x50 ./system/src/newlib/_syscalls.o
 .debug_frame   0x00000570       0x40 ./system/src/newlib/assert.o
 .debug_frame   0x000005b0       0x94 ./system/src/diag/Trace.o
 .debug_frame   0x00000644       0x64 ./system/src/diag/trace_impl.o
 .debug_frame   0x000006a8       0x40 ./system/src/cortexm/_initialize_hardware.o
 .debug_frame   0x000006e8      0x158 ./system/src/cortexm/exception_handlers.o
 .debug_frame   0x00000840       0x30 ./system/src/cmsis/system_stm32f4xx.o
 .debug_frame   0x00000870       0x20 ./system/src/cmsis/vectors_stm32f407xx.o
 .debug_frame   0x00000890       0x8c ./src/GPIO_Driver.o
 .debug_frame   0x0000091c       0x70 ./src/TCNT_Driver.o
 .debug_frame   0x0000098c       0x48 ./src/_initialize_hardware.o
 .debug_frame   0x000009d4       0x28 ./src/main.o
 .debug_frame   0x000009fc       0x50 ./src/stm32f4xx_hal_msp.o
 .debug_frame   0x00000a4c       0x20 c:/program files (x86)/gnu tools arm embedded/7 2017-q4-major/bin/../lib/gcc/arm-none-eabi/7.2.1/../../../../arm-none-eabi/lib/thumb/v7e-m\libg.a(lib_a-errno.o)
 .debug_frame   0x00000a6c       0x5c c:/program files (x86)/gnu tools arm embedded/7 2017-q4-major/bin/../lib/gcc/arm-none-eabi/7.2.1/../../../../arm-none-eabi/lib/thumb/v7e-m\libg.a(lib_a-vsnprintf.o)
 .debug_frame   0x00000ac8       0x40 c:/program files (x86)/gnu tools arm embedded/7 2017-q4-major/bin/../lib/gcc/arm-none-eabi/7.2.1/../../../../arm-none-eabi/lib/thumb/v7e-m\libg.a(lib_a-svfprintf.o)
 .debug_frame   0x00000b08       0x90 c:/program files (x86)/gnu tools arm embedded/7 2017-q4-major/bin/../lib/gcc/arm-none-eabi/7.2.1/../../../../arm-none-eabi/lib/thumb/v7e-m\libg.a(lib_a-dtoa.o)
 .debug_frame   0x00000b98       0x40 c:/program files (x86)/gnu tools arm embedded/7 2017-q4-major/bin/../lib/gcc/arm-none-eabi/7.2.1/../../../../arm-none-eabi/lib/thumb/v7e-m\libg.a(lib_a-localeconv.o)
 .debug_frame   0x00000bd8       0x54 c:/program files (x86)/gnu tools arm embedded/7 2017-q4-major/bin/../lib/gcc/arm-none-eabi/7.2.1/../../../../arm-none-eabi/lib/thumb/v7e-m\libg.a(lib_a-mallocr.o)
 .debug_frame   0x00000c2c       0x30 c:/program files (x86)/gnu tools arm embedded/7 2017-q4-major/bin/../lib/gcc/arm-none-eabi/7.2.1/../../../../arm-none-eabi/lib/thumb/v7e-m\libg.a(lib_a-mlock.o)
 .debug_frame   0x00000c5c      0x25c c:/program files (x86)/gnu tools arm embedded/7 2017-q4-major/bin/../lib/gcc/arm-none-eabi/7.2.1/../../../../arm-none-eabi/lib/thumb/v7e-m\libg.a(lib_a-mprec.o)
 .debug_frame   0x00000eb8       0x2c c:/program files (x86)/gnu tools arm embedded/7 2017-q4-major/bin/../lib/gcc/arm-none-eabi/7.2.1/../../../../arm-none-eabi/lib/thumb/v7e-m\libg.a(lib_a-sbrkr.o)
 .debug_frame   0x00000ee4       0x78 c:/program files (x86)/gnu tools arm embedded/7 2017-q4-major/bin/../lib/gcc/arm-none-eabi/7.2.1/../../../../arm-none-eabi/lib/thumb/v7e-m\libg.a(lib_a-svfiprintf.o)
 .debug_frame   0x00000f5c       0x28 c:/program files (x86)/gnu tools arm embedded/7 2017-q4-major/bin/../lib/gcc/arm-none-eabi/7.2.1/../../../../arm-none-eabi/lib/thumb/v7e-m\libg.a(lib_a-callocr.o)
 .debug_frame   0x00000f84       0x80 c:/program files (x86)/gnu tools arm embedded/7 2017-q4-major/bin/../lib/gcc/arm-none-eabi/7.2.1/../../../../arm-none-eabi/lib/thumb/v7e-m\libg.a(lib_a-freer.o)
 .debug_frame   0x00001004       0x6c c:/program files (x86)/gnu tools arm embedded/7 2017-q4-major/bin/../lib/gcc/arm-none-eabi/7.2.1/../../../../arm-none-eabi/lib/thumb/v7e-m\libg.a(lib_a-locale.o)
 .debug_frame   0x00001070       0xb0 c:/program files (x86)/gnu tools arm embedded/7 2017-q4-major/bin/../lib/gcc/arm-none-eabi/7.2.1/../../../../arm-none-eabi/lib/thumb/v7e-m\libg.a(lib_a-lock.o)
 .debug_frame   0x00001120       0x4c c:/program files (x86)/gnu tools arm embedded/7 2017-q4-major/bin/../lib/gcc/arm-none-eabi/7.2.1/../../../../arm-none-eabi/lib/thumb/v7e-m\libg.a(lib_a-mbtowc_r.o)
 .debug_frame   0x0000116c       0x40 c:/program files (x86)/gnu tools arm embedded/7 2017-q4-major/bin/../lib/gcc/arm-none-eabi/7.2.1/../../../../arm-none-eabi/lib/thumb/v7e-m\libg.a(lib_a-memmove.o)
 .debug_frame   0x000011ac       0x38 c:/program files (x86)/gnu tools arm embedded/7 2017-q4-major/bin/../lib/gcc/arm-none-eabi/7.2.1/../../../../arm-none-eabi/lib/thumb/v7e-m\libg.a(lib_a-memset.o)
 .debug_frame   0x000011e4       0x58 c:/program files (x86)/gnu tools arm embedded/7 2017-q4-major/bin/../lib/gcc/arm-none-eabi/7.2.1/../../../../arm-none-eabi/lib/thumb/v7e-m\libg.a(lib_a-reallocr.o)
 .debug_frame   0x0000123c       0x3c c:/program files (x86)/gnu tools arm embedded/7 2017-q4-major/bin/../lib/gcc/arm-none-eabi/7.2.1/../../../../arm-none-eabi/lib/thumb/v7e-m\libg.a(lib_a-wctomb_r.o)
 .debug_frame   0x00001278       0xac c:/program files (x86)/gnu tools arm embedded/7 2017-q4-major/bin/../lib/gcc/arm-none-eabi/7.2.1/thumb/v7e-m\libgcc.a(_arm_addsubdf3.o)
 .debug_frame   0x00001324       0x50 c:/program files (x86)/gnu tools arm embedded/7 2017-q4-major/bin/../lib/gcc/arm-none-eabi/7.2.1/thumb/v7e-m\libgcc.a(_arm_muldivdf3.o)
 .debug_frame   0x00001374       0xc4 c:/program files (x86)/gnu tools arm embedded/7 2017-q4-major/bin/../lib/gcc/arm-none-eabi/7.2.1/thumb/v7e-m\libgcc.a(_arm_cmpdf2.o)
 .debug_frame   0x00001438       0x20 c:/program files (x86)/gnu tools arm embedded/7 2017-q4-major/bin/../lib/gcc/arm-none-eabi/7.2.1/thumb/v7e-m\libgcc.a(_arm_unorddf2.o)
 .debug_frame   0x00001458       0x24 c:/program files (x86)/gnu tools arm embedded/7 2017-q4-major/bin/../lib/gcc/arm-none-eabi/7.2.1/thumb/v7e-m\libgcc.a(_arm_fixdfsi.o)
 .debug_frame   0x0000147c       0x2c c:/program files (x86)/gnu tools arm embedded/7 2017-q4-major/bin/../lib/gcc/arm-none-eabi/7.2.1/thumb/v7e-m\libgcc.a(_aeabi_uldivmod.o)
 .debug_frame   0x000014a8       0x34 c:/program files (x86)/gnu tools arm embedded/7 2017-q4-major/bin/../lib/gcc/arm-none-eabi/7.2.1/thumb/v7e-m\libgcc.a(_udivmoddi4.o)

.debug_str      0x00000000    0x9c911
 *(.debug_str)
 .debug_str     0x00000000    0x97c68 ./system/src/stm32f4-hal/stm32f4xx_hal.o
                              0x980af (size before relaxing)
 .debug_str     0x00097c68      0x385 ./system/src/stm32f4-hal/stm32f4xx_hal_cortex.o
                              0x97f2b (size before relaxing)
 .debug_str     0x00097fed      0x400 ./system/src/stm32f4-hal/stm32f4xx_hal_rcc.o
                              0x97aca (size before relaxing)
 .debug_str     0x000983ed     0x10ff ./system/src/newlib/_exit.o
                               0x7f17 (size before relaxing)
 .debug_str     0x000994ec      0x4f5 ./system/src/newlib/_sbrk.o
                               0x72c9 (size before relaxing)
 .debug_str     0x000999e1      0x2c6 ./system/src/newlib/_startup.o
                               0x6a6a (size before relaxing)
 .debug_str     0x00099ca7      0xe8b ./system/src/newlib/_syscalls.o
                               0x81a4 (size before relaxing)
 .debug_str     0x0009ab32       0xd0 ./system/src/newlib/assert.o
                               0x8a1c (size before relaxing)
 .debug_str     0x0009ac02      0x176 ./system/src/diag/Trace.o
                               0x868f (size before relaxing)
 .debug_str     0x0009ad78      0x37b ./system/src/diag/trace_impl.o
                              0x98859 (size before relaxing)
 .debug_str     0x0009b0f3       0x5e ./system/src/cortexm/_initialize_hardware.o
                              0x975eb (size before relaxing)
 .debug_str     0x0009b151      0x19d ./system/src/cortexm/exception_handlers.o
                              0x989e3 (size before relaxing)
 .debug_str     0x0009b2ee       0x46 ./system/src/cmsis/system_stm32f4xx.o
                              0x976ba (size before relaxing)
 .debug_str     0x0009b334       0x59 ./system/src/cmsis/vectors_stm32f407xx.o
                               0x38a7 (size before relaxing)
 .debug_str     0x0009b38d      0xf5f ./src/GPIO_Driver.o
                              0x9853e (size before relaxing)
 .debug_str     0x0009c2ec      0x59d ./src/TCNT_Driver.o
                              0x97c67 (size before relaxing)
 .debug_str     0x0009c889       0x31 ./src/_initialize_hardware.o
                              0x977d0 (size before relaxing)
 .debug_str     0x0009c8ba       0x1a ./src/main.o
                              0x98683 (size before relaxing)
 .debug_str     0x0009c8d4       0x3d ./src/stm32f4xx_hal_msp.o
                              0x97533 (size before relaxing)

.debug_loc      0x00000000     0x1a0a
 *(.debug_loc)
 .debug_loc     0x00000000       0x92 ./system/src/stm32f4-hal/stm32f4xx_hal.o
 .debug_loc     0x00000092      0x73b ./system/src/stm32f4-hal/stm32f4xx_hal_cortex.o
 .debug_loc     0x000007cd      0x50a ./system/src/stm32f4-hal/stm32f4xx_hal_rcc.o
 .debug_loc     0x00000cd7       0x85 ./system/src/newlib/_sbrk.o
 .debug_loc     0x00000d5c      0x2cb ./system/src/newlib/_startup.o
 .debug_loc     0x00001027       0x63 ./system/src/newlib/_syscalls.o
 .debug_loc     0x0000108a      0x134 ./system/src/newlib/assert.o
 .debug_loc     0x000011be       0xf6 ./system/src/diag/Trace.o
 .debug_loc     0x000012b4      0x121 ./system/src/diag/trace_impl.o
 .debug_loc     0x000013d5      0x291 ./system/src/cortexm/exception_handlers.o
 .debug_loc     0x00001666      0x13e ./system/src/cmsis/system_stm32f4xx.o
 .debug_loc     0x000017a4      0x22c ./src/GPIO_Driver.o
 .debug_loc     0x000019d0       0x3a ./src/TCNT_Driver.o

.debug_macinfo
 *(.debug_macinfo)

.debug_weaknames
 *(.debug_weaknames)

.debug_funcnames
 *(.debug_funcnames)

.debug_typenames
 *(.debug_typenames)

.debug_varnames
 *(.debug_varnames)
OUTPUT(Timer_Project.elf elf32-littlearm)

.debug_ranges   0x00000000      0x500
 .debug_ranges  0x00000000       0xb0 ./system/src/stm32f4-hal/stm32f4xx_hal.o
 .debug_ranges  0x000000b0       0xe8 ./system/src/stm32f4-hal/stm32f4xx_hal_cortex.o
 .debug_ranges  0x00000198       0x78 ./system/src/stm32f4-hal/stm32f4xx_hal_rcc.o
 .debug_ranges  0x00000210       0x18 ./system/src/newlib/_exit.o
 .debug_ranges  0x00000228       0x10 ./system/src/newlib/_sbrk.o
 .debug_ranges  0x00000238       0x90 ./system/src/newlib/_startup.o
 .debug_ranges  0x000002c8       0x20 ./system/src/newlib/_syscalls.o
 .debug_ranges  0x000002e8       0x18 ./system/src/newlib/assert.o
 .debug_ranges  0x00000300       0x28 ./system/src/diag/Trace.o
 .debug_ranges  0x00000328       0x50 ./system/src/diag/trace_impl.o
 .debug_ranges  0x00000378       0x18 ./system/src/cortexm/_initialize_hardware.o
 .debug_ranges  0x00000390       0x80 ./system/src/cortexm/exception_handlers.o
 .debug_ranges  0x00000410       0x18 ./system/src/cmsis/system_stm32f4xx.o
 .debug_ranges  0x00000428       0x10 ./system/src/cmsis/vectors_stm32f407xx.o
 .debug_ranges  0x00000438       0x40 ./src/GPIO_Driver.o
 .debug_ranges  0x00000478       0x38 ./src/TCNT_Driver.o
 .debug_ranges  0x000004b0       0x18 ./src/_initialize_hardware.o
 .debug_ranges  0x000004c8       0x10 ./src/main.o
 .debug_ranges  0x000004d8       0x28 ./src/stm32f4xx_hal_msp.o

.debug_macro    0x00000000    0x1c832
 .debug_macro   0x00000000      0x558 ./system/src/stm32f4-hal/stm32f4xx_hal.o
 .debug_macro   0x00000558      0xa6c ./system/src/stm32f4-hal/stm32f4xx_hal.o
 .debug_macro   0x00000fc4      0x289 ./system/src/stm32f4-hal/stm32f4xx_hal.o
 .debug_macro   0x0000124d       0x31 ./system/src/stm32f4-hal/stm32f4xx_hal.o
 .debug_macro   0x0000127e       0x28 ./system/src/stm32f4-hal/stm32f4xx_hal.o
 .debug_macro   0x000012a6      0x34e ./system/src/stm32f4-hal/stm32f4xx_hal.o
 .debug_macro   0x000015f4       0x35 ./system/src/stm32f4-hal/stm32f4xx_hal.o
 .debug_macro   0x00001629       0x50 ./system/src/stm32f4-hal/stm32f4xx_hal.o
 .debug_macro   0x00001679      0xe66 ./system/src/stm32f4-hal/stm32f4xx_hal.o
 .debug_macro   0x000024df     0x93f9 ./system/src/stm32f4-hal/stm32f4xx_hal.o
 .debug_macro   0x0000b8d8       0x43 ./system/src/stm32f4-hal/stm32f4xx_hal.o
 .debug_macro   0x0000b91b     0x347f ./system/src/stm32f4-hal/stm32f4xx_hal.o
 .debug_macro   0x0000ed9a       0x22 ./system/src/stm32f4-hal/stm32f4xx_hal.o
 .debug_macro   0x0000edbc       0x52 ./system/src/stm32f4-hal/stm32f4xx_hal.o
 .debug_macro   0x0000ee0e       0x17 ./system/src/stm32f4-hal/stm32f4xx_hal.o
 .debug_macro   0x0000ee25       0x8d ./system/src/stm32f4-hal/stm32f4xx_hal.o
 .debug_macro   0x0000eeb2       0x35 ./system/src/stm32f4-hal/stm32f4xx_hal.o
 .debug_macro   0x0000eee7       0x9c ./system/src/stm32f4-hal/stm32f4xx_hal.o
 .debug_macro   0x0000ef83       0x16 ./system/src/stm32f4-hal/stm32f4xx_hal.o
 .debug_macro   0x0000ef99       0x57 ./system/src/stm32f4-hal/stm32f4xx_hal.o
 .debug_macro   0x0000eff0       0x97 ./system/src/stm32f4-hal/stm32f4xx_hal.o
 .debug_macro   0x0000f087      0x330 ./system/src/stm32f4-hal/stm32f4xx_hal.o
 .debug_macro   0x0000f3b7       0xfd ./system/src/stm32f4-hal/stm32f4xx_hal.o
 .debug_macro   0x0000f4b4       0x10 ./system/src/stm32f4-hal/stm32f4xx_hal.o
 .debug_macro   0x0000f4c4       0x58 ./system/src/stm32f4-hal/stm32f4xx_hal.o
 .debug_macro   0x0000f51c       0x1f ./system/src/stm32f4-hal/stm32f4xx_hal.o
 .debug_macro   0x0000f53b       0x43 ./system/src/stm32f4-hal/stm32f4xx_hal.o
 .debug_macro   0x0000f57e       0x20 ./system/src/stm32f4-hal/stm32f4xx_hal.o
 .debug_macro   0x0000f59e      0x18e ./system/src/stm32f4-hal/stm32f4xx_hal.o
 .debug_macro   0x0000f72c       0x10 ./system/src/stm32f4-hal/stm32f4xx_hal.o
 .debug_macro   0x0000f73c       0x6a ./system/src/stm32f4-hal/stm32f4xx_hal.o
 .debug_macro   0x0000f7a6       0x1c ./system/src/stm32f4-hal/stm32f4xx_hal.o
 .debug_macro   0x0000f7c2       0x52 ./system/src/stm32f4-hal/stm32f4xx_hal.o
 .debug_macro   0x0000f814       0x40 ./system/src/stm32f4-hal/stm32f4xx_hal.o
 .debug_macro   0x0000f854       0x10 ./system/src/stm32f4-hal/stm32f4xx_hal.o
 .debug_macro   0x0000f864       0x40 ./system/src/stm32f4-hal/stm32f4xx_hal.o
 .debug_macro   0x0000f8a4       0xd7 ./system/src/stm32f4-hal/stm32f4xx_hal.o
 .debug_macro   0x0000f97b       0x1c ./system/src/stm32f4-hal/stm32f4xx_hal.o
 .debug_macro   0x0000f997       0x3d ./system/src/stm32f4-hal/stm32f4xx_hal.o
 .debug_macro   0x0000f9d4       0x16 ./system/src/stm32f4-hal/stm32f4xx_hal.o
 .debug_macro   0x0000f9ea      0x16f ./system/src/stm32f4-hal/stm32f4xx_hal.o
 .debug_macro   0x0000fb59       0x57 ./system/src/stm32f4-hal/stm32f4xx_hal.o
 .debug_macro   0x0000fbb0      0x964 ./system/src/stm32f4-hal/stm32f4xx_hal.o
 .debug_macro   0x00010514      0x9e1 ./system/src/stm32f4-hal/stm32f4xx_hal.o
 .debug_macro   0x00010ef5      0x11e ./system/src/stm32f4-hal/stm32f4xx_hal.o
 .debug_macro   0x00011013      0x13e ./system/src/stm32f4-hal/stm32f4xx_hal.o
 .debug_macro   0x00011151       0x27 ./system/src/stm32f4-hal/stm32f4xx_hal.o
 .debug_macro   0x00011178      0x287 ./system/src/stm32f4-hal/stm32f4xx_hal.o
 .debug_macro   0x000113ff       0x5f ./system/src/stm32f4-hal/stm32f4xx_hal.o
 .debug_macro   0x0001145e      0x23a ./system/src/stm32f4-hal/stm32f4xx_hal.o
 .debug_macro   0x00011698      0x391 ./system/src/stm32f4-hal/stm32f4xx_hal.o
 .debug_macro   0x00011a29      0x16f ./system/src/stm32f4-hal/stm32f4xx_hal.o
 .debug_macro   0x00011b98       0xf9 ./system/src/stm32f4-hal/stm32f4xx_hal.o
 .debug_macro   0x00011c91      0x36e ./system/src/stm32f4-hal/stm32f4xx_hal.o
 .debug_macro   0x00011fff       0x23 ./system/src/stm32f4-hal/stm32f4xx_hal.o
 .debug_macro   0x00012022       0xe6 ./system/src/stm32f4-hal/stm32f4xx_hal.o
 .debug_macro   0x00012108       0xa1 ./system/src/stm32f4-hal/stm32f4xx_hal.o
 .debug_macro   0x000121a9       0x3c ./system/src/stm32f4-hal/stm32f4xx_hal.o
 .debug_macro   0x000121e5       0x1f ./system/src/stm32f4-hal/stm32f4xx_hal.o
 .debug_macro   0x00012204      0x1cd ./system/src/stm32f4-hal/stm32f4xx_hal.o
 .debug_macro   0x000123d1      0xcd6 ./system/src/stm32f4-hal/stm32f4xx_hal.o
 .debug_macro   0x000130a7      0x13a ./system/src/stm32f4-hal/stm32f4xx_hal.o
 .debug_macro   0x000131e1      0x21e ./system/src/stm32f4-hal/stm32f4xx_hal.o
 .debug_macro   0x000133ff       0x2e ./system/src/stm32f4-hal/stm32f4xx_hal.o
 .debug_macro   0x0001342d      0x543 ./system/src/stm32f4-hal/stm32f4xx_hal.o
 .debug_macro   0x00013970       0x88 ./system/src/stm32f4-hal/stm32f4xx_hal.o
 .debug_macro   0x000139f8       0xd5 ./system/src/stm32f4-hal/stm32f4xx_hal.o
 .debug_macro   0x00013acd      0x183 ./system/src/stm32f4-hal/stm32f4xx_hal.o
 .debug_macro   0x00013c50      0x1a7 ./system/src/stm32f4-hal/stm32f4xx_hal.o
 .debug_macro   0x00013df7       0xa5 ./system/src/stm32f4-hal/stm32f4xx_hal.o
 .debug_macro   0x00013e9c      0x18b ./system/src/stm32f4-hal/stm32f4xx_hal.o
 .debug_macro   0x00014027       0x24 ./system/src/stm32f4-hal/stm32f4xx_hal.o
 .debug_macro   0x0001404b       0x35 ./system/src/stm32f4-hal/stm32f4xx_hal.o
 .debug_macro   0x00014080       0x79 ./system/src/stm32f4-hal/stm32f4xx_hal.o
 .debug_macro   0x000140f9      0x11e ./system/src/stm32f4-hal/stm32f4xx_hal.o
 .debug_macro   0x00014217       0x7f ./system/src/stm32f4-hal/stm32f4xx_hal.o
 .debug_macro   0x00014296       0x89 ./system/src/stm32f4-hal/stm32f4xx_hal.o
 .debug_macro   0x0001431f       0x7e ./system/src/stm32f4-hal/stm32f4xx_hal.o
 .debug_macro   0x0001439d      0x31a ./system/src/stm32f4-hal/stm32f4xx_hal.o
 .debug_macro   0x000146b7      0x409 ./system/src/stm32f4-hal/stm32f4xx_hal.o
 .debug_macro   0x00014ac0       0xe4 ./system/src/stm32f4-hal/stm32f4xx_hal.o
 .debug_macro   0x00014ba4      0x48d ./system/src/stm32f4-hal/stm32f4xx_hal.o
 .debug_macro   0x00015031      0x22b ./system/src/stm32f4-hal/stm32f4xx_hal.o
 .debug_macro   0x0001525c      0x202 ./system/src/stm32f4-hal/stm32f4xx_hal.o
 .debug_macro   0x0001545e      0x6d9 ./system/src/stm32f4-hal/stm32f4xx_hal.o
 .debug_macro   0x00015b37       0x5b ./system/src/stm32f4-hal/stm32f4xx_hal.o
 .debug_macro   0x00015b92      0x14d ./system/src/stm32f4-hal/stm32f4xx_hal.o
 .debug_macro   0x00015cdf      0x287 ./system/src/stm32f4-hal/stm32f4xx_hal.o
 .debug_macro   0x00015f66      0x225 ./system/src/stm32f4-hal/stm32f4xx_hal.o
 .debug_macro   0x0001618b      0x1b5 ./system/src/stm32f4-hal/stm32f4xx_hal.o
 .debug_macro   0x00016340      0x2db ./system/src/stm32f4-hal/stm32f4xx_hal.o
 .debug_macro   0x0001661b       0x89 ./system/src/stm32f4-hal/stm32f4xx_hal.o
 .debug_macro   0x000166a4      0x1df ./system/src/stm32f4-hal/stm32f4xx_hal.o
 .debug_macro   0x00016883      0x115 ./system/src/stm32f4-hal/stm32f4xx_hal.o
 .debug_macro   0x00016998       0x6e ./system/src/stm32f4-hal/stm32f4xx_hal.o
 .debug_macro   0x00016a06      0x125 ./system/src/stm32f4-hal/stm32f4xx_hal.o
 .debug_macro   0x00016b2b      0x50a ./system/src/stm32f4-hal/stm32f4xx_hal_cortex.o
 .debug_macro   0x00017035      0x534 ./system/src/stm32f4-hal/stm32f4xx_hal_rcc.o
 .debug_macro   0x00017569      0x1b4 ./system/src/newlib/_exit.o
 .debug_macro   0x0001771d      0x10e ./system/src/newlib/_exit.o
 .debug_macro   0x0001782b       0x8d ./system/src/newlib/_exit.o
 .debug_macro   0x000178b8       0x35 ./system/src/newlib/_exit.o
 .debug_macro   0x000178ed      0x169 ./system/src/newlib/_sbrk.o
 .debug_macro   0x00017a56      0x174 ./system/src/newlib/_sbrk.o
 .debug_macro   0x00017bca       0x10 ./system/src/newlib/_sbrk.o
 .debug_macro   0x00017bda      0x23b ./system/src/newlib/_sbrk.o
 .debug_macro   0x00017e15      0x173 ./system/src/newlib/_startup.o
 .debug_macro   0x00017f88      0xa72 ./system/src/newlib/_startup.o
 .debug_macro   0x000189fa      0x217 ./system/src/newlib/_syscalls.o
 .debug_macro   0x00018c11       0x1c ./system/src/newlib/_syscalls.o
 .debug_macro   0x00018c2d       0x10 ./system/src/newlib/_syscalls.o
 .debug_macro   0x00018c3d       0x10 ./system/src/newlib/_syscalls.o
 .debug_macro   0x00018c4d       0x10 ./system/src/newlib/_syscalls.o
 .debug_macro   0x00018c5d       0x35 ./system/src/newlib/_syscalls.o
 .debug_macro   0x00018c92      0x122 ./system/src/newlib/_syscalls.o
 .debug_macro   0x00018db4       0x88 ./system/src/newlib/_syscalls.o
 .debug_macro   0x00018e3c       0x2b ./system/src/newlib/_syscalls.o
 .debug_macro   0x00018e67      0x118 ./system/src/newlib/_syscalls.o
 .debug_macro   0x00018f7f      0x189 ./system/src/newlib/_syscalls.o
 .debug_macro   0x00019108       0x16 ./system/src/newlib/_syscalls.o
 .debug_macro   0x0001911e      0x1d0 ./system/src/newlib/assert.o
 .debug_macro   0x000192ee       0x1c ./system/src/newlib/assert.o
 .debug_macro   0x0001930a      0x1fb ./system/src/diag/Trace.o
 .debug_macro   0x00019505       0x4c ./system/src/diag/Trace.o
 .debug_macro   0x00019551       0x16 ./system/src/diag/Trace.o
 .debug_macro   0x00019567      0x550 ./system/src/diag/trace_impl.o
 .debug_macro   0x00019ab7       0x22 ./system/src/diag/trace_impl.o
 .debug_macro   0x00019ad9      0x514 ./system/src/cortexm/_initialize_hardware.o
 .debug_macro   0x00019fed      0x57d ./system/src/cortexm/exception_handlers.o
 .debug_macro   0x0001a56a       0x3b ./system/src/cortexm/exception_handlers.o
 .debug_macro   0x0001a5a5      0x510 ./system/src/cmsis/system_stm32f4xx.o
 .debug_macro   0x0001aab5       0x34 ./system/src/cmsis/vectors_stm32f407xx.o
 .debug_macro   0x0001aae9      0x52b ./src/GPIO_Driver.o
 .debug_macro   0x0001b014       0x52 ./src/GPIO_Driver.o
 .debug_macro   0x0001b066      0x1f0 ./src/GPIO_Driver.o
 .debug_macro   0x0001b256       0x4c ./src/GPIO_Driver.o
 .debug_macro   0x0001b2a2      0x52b ./src/TCNT_Driver.o
 .debug_macro   0x0001b7cd       0x5e ./src/TCNT_Driver.o
 .debug_macro   0x0001b82b       0x64 ./src/TCNT_Driver.o
 .debug_macro   0x0001b88f      0x50a ./src/_initialize_hardware.o
 .debug_macro   0x0001bd99      0x52b ./src/main.o
 .debug_macro   0x0001c2c4       0x64 ./src/main.o
 .debug_macro   0x0001c328      0x50a ./src/stm32f4xx_hal_msp.o
